Component: ARM Compiler 5.06 update 7 (build 960) Tool: armlink [4d3601]

==============================================================================

Section Cross References

    startup_lpc17xx.o(STACK) refers (Special) to heapauxi.o(.text) for __use_two_region_memory
    startup_lpc17xx.o(HEAP) refers (Special) to heapauxi.o(.text) for __use_two_region_memory
    startup_lpc17xx.o(RESET) refers (Special) to heapauxi.o(.text) for __use_two_region_memory
    startup_lpc17xx.o(RESET) refers to startup_lpc17xx.o(STACK) for __initial_sp
    startup_lpc17xx.o(RESET) refers to startup_lpc17xx.o(.text) for Reset_Handler
    startup_lpc17xx.o(RESET) refers to irq_timer.o(.text) for TIMER0_IRQHandler
    startup_lpc17xx.o(RESET) refers to irq_button.o(.text) for EINT0_IRQHandler
    startup_lpc17xx.o(RESET) refers to irq_rit.o(.text) for RIT_IRQHandler
    startup_lpc17xx.o(.ARM.__at_0x02FC) refers (Special) to heapauxi.o(.text) for __use_two_region_memory
    startup_lpc17xx.o(.text) refers (Special) to heapauxi.o(.text) for __use_two_region_memory
    startup_lpc17xx.o(.text) refers to __main.o(!!!main) for __main
    startup_lpc17xx.o(.text) refers to startup_lpc17xx.o(HEAP) for Heap_Mem
    startup_lpc17xx.o(.text) refers to startup_lpc17xx.o(STACK) for Stack_Mem
    sample.o(.text) refers to system_lpc17xx.o(.text) for SystemInit
    sample.o(.text) refers to lib_button.o(.text) for BUTTON_init
    sample.o(.text) refers to glcd.o(.text) for LCD_Initialization
    sample.o(.text) refers to quoridor.o(.text) for setup
    sample.o(.text) refers to lib_rit.o(.text) for init_RIT
    sample.o(.text) refers to lib_timer.o(.text) for init_timer
    system_lpc17xx.o(.text) refers to system_lpc17xx.o(.data) for SystemFrequency
    irq_timer.o(.text) refers to glcd.o(.text) for GUI_Text
    irq_timer.o(.text) refers to quoridor.o(.text) for mossa
    irq_timer.o(.text) refers to irq_timer.o(.data) for t
    irq_timer.o(.text) refers to quoridor.o(.data) for vittoria1
    asciilib.o(.text) refers to rt_memcpy_v6.o(.text) for __aeabi_memcpy
    asciilib.o(.text) refers to asciilib.o(.constdata) for AsciiLib
    glcd.o(.text) refers to glcd.o(.data) for LCD_Code
    glcd.o(.text) refers to asciilib.o(.text) for GetASCIICode
    hzlib.o(.text) refers to rt_memcpy_v6.o(.text) for __aeabi_memcpy
    hzlib.o(.text) refers to hzlib.o(.constdata) for HzLib
    quoridor.o(.text) refers to quoridor.o(.bss) for mat
    quoridor.o(.text) refers to quoridor.o(.data) for x1
    quoridor.o(.text) refers to glcd.o(.text) for GUI_Text
    quoridor.o(.text) refers to irq_rit.o(.data) for mode
    quoridor.o(.text) refers to noretval__2printf.o(.text) for __2printf
    quoridor.o(.text) refers to irq_timer.o(.data) for timer
    irq_rit.o(.text) refers to quoridor.o(.text) for prova_muro_ver
    irq_rit.o(.text) refers to irq_rit.o(.data) for avvio
    irq_rit.o(.text) refers to quoridor.o(.data) for vittoria1
    irq_rit.o(.text) refers to lib_timer.o(.text) for enable_timer
    irq_button.o(.text) refers to irq_rit.o(.data) for down_0
    __2printf.o(.text) refers to _printf_char_file.o(.text) for _printf_char_file
    __2printf.o(.text) refers to stdio_streams.o(.bss) for __stdout
    noretval__2printf.o(.text) refers to _printf_char_file.o(.text) for _printf_char_file
    noretval__2printf.o(.text) refers to stdio_streams.o(.bss) for __stdout
    rt_memcpy_v6.o(.text) refers to rt_memcpy_w.o(.text) for __aeabi_memcpy4
    __main.o(!!!main) refers to __rtentry.o(.ARM.Collect$$rtentry$$00000000) for __rt_entry
    __rtentry.o(.ARM.Collect$$rtentry$$00000000) refers (Special) to __rtentry2.o(.ARM.Collect$$rtentry$$0000000A) for __rt_entry_li
    __rtentry.o(.ARM.Collect$$rtentry$$00000000) refers (Special) to __rtentry2.o(.ARM.Collect$$rtentry$$0000000D) for __rt_entry_main
    __rtentry.o(.ARM.Collect$$rtentry$$00000000) refers (Special) to __rtentry2.o(.ARM.Collect$$rtentry$$0000000C) for __rt_entry_postli_1
    __rtentry.o(.ARM.Collect$$rtentry$$00000000) refers (Special) to __rtentry2.o(.ARM.Collect$$rtentry$$00000009) for __rt_entry_postsh_1
    __rtentry.o(.ARM.Collect$$rtentry$$00000000) refers (Special) to __rtentry2.o(.ARM.Collect$$rtentry$$00000002) for __rt_entry_presh_1
    __rtentry.o(.ARM.Collect$$rtentry$$00000000) refers (Special) to __rtentry4.o(.ARM.Collect$$rtentry$$00000004) for __rt_entry_sh
    _printf_char_file.o(.text) refers to _printf_char_common.o(.text) for _printf_char_common
    _printf_char_file.o(.text) refers to ferror.o(.text) for ferror
    _printf_char_file.o(.text) refers to fputc.o(i.fputc) for fputc
    stdio_streams.o(.bss) refers (Special) to initio.o(.text) for _initio
    stdio_streams.o(.bss) refers (Special) to initio.o(.text) for _initio
    stdio_streams.o(.bss) refers (Special) to initio.o(.text) for _initio
    stdio_streams.o(.data) refers (Special) to initio.o(.text) for _initio
    stdio_streams.o(.data) refers (Special) to initio.o(.text) for _initio
[...]
    libshutdown2.o(.ARM.Collect$$libshutdown$$00000005) refers (Weak) to initio.o(.text) for _terminateio
    libshutdown2.o(.ARM.Collect$$libshutdown$$0000000F) refers (Weak) to term_alloc.o(.text) for _terminate_alloc
    flsbuf_fwide.o(.text) refers to flsbuf.o(.text) for __flsbuf
    libspace.o(.text) refers to libspace.o(.bss) for __libspace_start
    rtexit.o(.ARM.Collect$$rtexit$$00000000) refers (Special) to rtexit2.o(.ARM.Collect$$rtexit$$00000004) for __rt_exit_exit
    rtexit.o(.ARM.Collect$$rtexit$$00000000) refers (Special) to rtexit2.o(.ARM.Collect$$rtexit$$00000003) for __rt_exit_ls
    rtexit.o(.ARM.Collect$$rtexit$$00000000) refers (Special) to rtexit2.o(.ARM.Collect$$rtexit$$00000002) for __rt_exit_prels_1
    rtexit.o(.ARM.exidx) refers (Special) to rtexit2.o(.ARM.Collect$$rtexit$$00000004) for __rt_exit_exit
    rtexit.o(.ARM.exidx) refers (Special) to rtexit2.o(.ARM.Collect$$rtexit$$00000003) for __rt_exit_ls
    rtexit.o(.ARM.exidx) refers (Special) to rtexit2.o(.ARM.Collect$$rtexit$$00000002) for __rt_exit_prels_1
    rtexit.o(.ARM.exidx) refers to rtexit.o(.ARM.Collect$$rtexit$$00000000) for .ARM.Collect$$rtexit$$00000000
    rt_raise.o(.text) refers to __raise.o(.text) for __raise
    rt_raise.o(.text) refers to sys_exit.o(.text) for _sys_exit
    rt_heap_descriptor.o(.text) refers to rt_heap_descriptor.o(.bss) for __rt_heap_descriptor_data
    rt_heap_descriptor_intlibspace.o(.text) refers to libspace.o(.bss) for __libspace_start
    init_alloc.o(.text) refers (Special) to hguard.o(.text) for __heap$guard
    init_alloc.o(.text) refers (Special) to libinit2.o(.ARM.Collect$$libinit$$00000005) for __rt_lib_init_heap_2
    init_alloc.o(.text) refers (Special) to maybetermalloc1.o(.emb_text) for _maybe_terminate_alloc
    init_alloc.o(.text) refers to h1_extend.o(.text) for __Heap_ProvideMemory
    init_alloc.o(.text) refers to defsig_rtmem_outer.o(.text) for __rt_SIGRTMEM
    init_alloc.o(.text) refers to rt_heap_descriptor_intlibspace.o(.text) for __rt_heap_descriptor
    init_alloc.o(.text) refers to h1_init.o(.text) for __Heap_Initialize
    malloc.o(.text) refers (Special) to hguard.o(.text) for __heap$guard
    malloc.o(.text) refers (Special) to init_alloc.o(.text) for _init_alloc
    malloc.o(.text) refers to rt_heap_descriptor_intlibspace.o(.text) for __rt_heap_descriptor
    malloc.o(.text) refers to heapstubs.o(.text) for __Heap_Alloc
    h1_alloc.o(.text) refers (Special) to h1_init.o(.text) for __Heap_Initialize
    h1_alloc.o(.text) refers to rt_heap_descriptor_intlibspace.o(.text) for __rt_heap_descriptor
    h1_alloc.o(.text) refers to init_alloc.o(.text) for __Heap_Full
    h1_alloc_mt.o(.text) refers (Special) to h1_init.o(.text) for __Heap_Initialize
    h1_alloc_mt.o(.text) refers to init_alloc.o(.text) for __Heap_Full
    h1_alloc_mt.o(.text) refers to rt_heap_descriptor_intlibspace.o(.text) for __rt_heap_descriptor
    _printf_char_file_locked.o(.text) refers to _printf_char_common.o(.text) for _printf_char_common
    _printf_char_file_locked.o(.text) refers to fputc.o(i._fputc$unlocked) for _fputc$unlocked
    fseek.o(.text) refers to sys_io.o(.text) for _sys_istty
    fseek.o(.text) refers to ftell.o(.text) for _ftell_internal
    fseek.o(.text) refers to stdio.o(.text) for _seterr
    stdio.o(.text) refers to sys_io.o(.text) for _sys_seek
    fwritefast.o(.text) refers to stdio.o(.text) for _writebuf
    fwritefast.o(.text) refers to flsbuf.o(.text) for __flsbuf_byte
    fwritefast.o(.text) refers to rt_memcpy_v6.o(.text) for __aeabi_memcpy
    fwritefast_locked.o(.text) refers to stdio.o(.text) for _writebuf
    fwritefast_locked.o(.text) refers to flsbuf.o(.text) for __flsbuf_byte
    fwritefast_locked.o(.text) refers to rt_memcpy_v6.o(.text) for __aeabi_memcpy
    defsig_exit.o(.text) refers to sys_exit.o(.text) for _sys_exit
    defsig_rtred_inner.o(.text) refers to defsig_general.o(.text) for __default_signal_display
    assert_stdio.o(.text) refers to fputs.o(.text) for fputs
    assert_stdio.o(.text) refers to fflush.o(.text) for fflush
    assert_stdio.o(.text) refers to stdio_streams.o(.bss) for __stderr
    argv_veneer.o(.emb_text) refers to no_argv.o(.text) for __ARM_get_argv
    sys_exit.o(.text) refers (Special) to use_no_semi.o(.text) for __I$use$semihosting
    sys_exit.o(.text) refers (Special) to indicate_semi.o(.text) for __semihosting_library_function
    rtexit2.o(.ARM.Collect$$rtexit$$00000003) refers to libshutdown.o(.ARM.Collect$$libshutdown$$00000000) for __rt_lib_shutdown
    rtexit2.o(.ARM.Collect$$rtexit$$00000004) refers to sys_exit.o(.text) for _sys_exit
    rtexit2.o(.ARM.exidx) refers to rtexit2.o(.ARM.Collect$$rtexit$$00000001) for .ARM.Collect$$rtexit$$00000001
    rtexit2.o(.ARM.exidx) refers to rtexit2.o(.ARM.Collect$$rtexit$$00000003) for .ARM.Collect$$rtexit$$00000003
    rtexit2.o(.ARM.exidx) refers to rtexit2.o(.ARM.Collect$$rtexit$$00000004) for .ARM.Collect$$rtexit$$00000004
    maybetermalloc2.o(.emb_text) refers (Special) to term_alloc.o(.text) for _terminate_alloc
    h1_extend.o(.text) refers to h1_free.o(.text) for free
    h1_init_mt.o(.text) refers to mutex_dummy.o(.text) for _mutex_initialize
    h1_extend_mt.o(.text) refers to h1_free_mt.o(.text) for _free_internal
    fflush.o(.text) refers to stdio.o(.text) for _fflush
    fflush.o(.text) refers to fseek.o(.text) for _fseek
    fflush.o(.text) refers to stdio_streams.o(.bss) for __stdin
    fputs.o(.text) refers to fputc.o(i.fputc) for fputc
    ftell.o(.text) refers to rt_errno_addr_intlibspace.o(.text) for __aeabi_errno_addr
    fflush_locked.o(.text) refers to stdio.o(.text) for _fflush
    fflush_locked.o(.text) refers to fseek.o(.text) for _fseek
    fflush_locked.o(.text) refers to fflush.o(.text) for _do_fflush
    fflush_locked.o(.text) refers to streamlock.o(.data) for _stream_list_lock
    fflush_locked.o(.text) refers to stdio_streams.o(.bss) for __stdin
    __raise.o(.text) refers to defsig.o(CL$$defsig) for __default_signal_handler
    defsig_general.o(.text) refers to sys_wrch.o(.text) for _ttywrch
    defsig_rtmem_outer.o(.text) refers to defsig_rtmem_inner.o(.text) for __rt_SIGRTMEM_inner
    defsig_rtmem_outer.o(.text) refers to defsig_exit.o(.text) for __sig_exit
    defsig_rtmem_formal.o(.text) refers to rt_raise.o(.text) for __rt_raise
    heapauxa.o(.text) refers to heapauxa.o(.data) for .data
    _get_argv.o(.text) refers (Special) to hrguard.o(.text) for __heap_region$guard
    _get_argv.o(.text) refers to h1_alloc.o(.text) for malloc
    _get_argv.o(.text) refers to defsig_rtmem_outer.o(.text) for __rt_SIGRTMEM
    _get_argv.o(.text) refers to sys_command.o(.text) for _sys_command_string
    _get_argv_nomalloc.o(.text) refers (Special) to hrguard.o(.text) for __heap_region$guard
    _get_argv_nomalloc.o(.text) refers to defsig_rtmem_outer.o(.text) for __rt_SIGRTMEM
    _get_argv_nomalloc.o(.text) refers to sys_command.o(.text) for _sys_command_string
    sys_wrch.o(.text) refers (Special) to use_no_semi.o(.text) for __I$use$semihosting
    sys_wrch.o(.text) refers (Special) to indicate_semi.o(.text) for __semihosting_library_function
    sys_command.o(.text) refers (Special) to use_no_semi.o(.text) for __I$use$semihosting
    sys_command.o(.text) refers (Special) to indicate_semi.o(.text) for __semihosting_library_function
    rt_errno_addr.o(.text) refers to rt_errno_addr.o(.bss) for __aeabi_errno_addr_data
    rt_errno_addr_intlibspace.o(.text) refers to libspace.o(.bss) for __libspace_start
    term_alloc.o(.text) refers (Special) to libshutdown2.o(.ARM.Collect$$libshutdown$$00000010) for __rt_lib_shutdown_heap_2
    term_alloc.o(.text) refers to rt_heap_descriptor_intlibspace.o(.text) for __rt_heap_descriptor
    term_alloc.o(.text) refers to h1_final.o(.text) for __Heap_Finalize
    defsig_rtmem_inner.o(.text) refers to defsig_general.o(.text) for __default_signal_display
    defsig.o(CL$$defsig) refers to defsig_rtred_inner.o(.text) for __rt_SIGRTRED_inner
    defsig.o(CL$$defsig) refers to defsig_rtmem_inner.o(.text) for __rt_SIGRTMEM_inner
    libshutdown.o(.ARM.Collect$$libshutdown$$00000000) refers (Special) to libshutdown2.o(.ARM.Collect$$libshutdown$$00000004) for __rt_lib_shutdown_cpp_1
    libshutdown.o(.ARM.Collect$$libshutdown$$00000000) refers (Special) to libshutdown2.o(.ARM.Collect$$libshutdown$$00000002) for __rt_lib_shutdown_fini_1
    libshutdown.o(.ARM.Collect$$libshutdown$$00000000) refers (Special) to libshutdown2.o(.ARM.Collect$$libshutdown$$00000009) for __rt_lib_shutdown_fp_trap_1
    libshutdown.o(.ARM.Collect$$libshutdown$$00000000) refers (Special) to libshutdown2.o(.ARM.Collect$$libshutdown$$00000011) for __rt_lib_shutdown_heap_1
    libshutdown.o(.ARM.Collect$$libshutdown$$00000000) refers (Special) to libshutdown2.o(.ARM.Collect$$libshutdown$$00000012) for __rt_lib_shutdown_return
    libshutdown.o(.ARM.Collect$$libshutdown$$00000000) refers (Special) to libshutdown2.o(.ARM.Collect$$libshutdown$$0000000C) for __rt_lib_shutdown_signal_1
    libshutdown.o(.ARM.Collect$$libshutdown$$00000000) refers (Special) to libshutdown2.o(.ARM.Collect$$libshutdown$$00000006) for __rt_lib_shutdown_stdio_1
    libshutdown.o(.ARM.Collect$$libshutdown$$00000000) refers (Special) to libshutdown2.o(.ARM.Collect$$libshutdown$$0000000E) for __rt_lib_shutdown_user_alloc_1
    defsig_abrt_inner.o(.text) refers to defsig_general.o(.text) for __default_signal_display
    defsig_fpe_inner.o(.text) refers to defsig_general.o(.text) for __default_signal_display
    defsig_stak_inner.o(.text) refers to defsig_general.o(.text) for __default_signal_display
    defsig_pvfn_inner.o(.text) refers to defsig_general.o(.text) for __default_signal_display
    defsig_cppl_inner.o(.text) refers to defsig_general.o(.text) for __default_signal_display
    defsig_segv_inner.o(.text) refers to defsig_general.o(.text) for __default_signal_display
    defsig_other.o(.text) refers to defsig_general.o(.text) for __default_signal_display


==============================================================================

Removing Unused input sections from the image.

    Removing sample.o(.rev16_text), (4 bytes).
    Removing sample.o(.revsh_text), (4 bytes).
    Removing sample.o(.rrx_text), (6 bytes).
    Removing core_cm3.o(.emb_text), (32 bytes).
    Removing system_lpc17xx.o(.rev16_text), (4 bytes).
    Removing system_lpc17xx.o(.revsh_text), (4 bytes).
    Removing system_lpc17xx.o(.rrx_text), (6 bytes).
    Removing irq_timer.o(.rev16_text), (4 bytes).
    Removing irq_timer.o(.revsh_text), (4 bytes).
    Removing irq_timer.o(.rrx_text), (6 bytes).
    Removing lib_timer.o(.rev16_text), (4 bytes).
    Removing lib_timer.o(.revsh_text), (4 bytes).
    Removing lib_timer.o(.rrx_text), (6 bytes).
    Removing glcd.o(.rev16_text), (4 bytes).
    Removing glcd.o(.revsh_text), (4 bytes).
    Removing glcd.o(.rrx_text), (6 bytes).
    Removing hzlib.o(.text), (52 bytes).
    Removing hzlib.o(.constdata), (216576 bytes).
    Removing quoridor.o(.rev16_text), (4 bytes).
    Removing quoridor.o(.revsh_text), (4 bytes).
    Removing quoridor.o(.rrx_text), (6 bytes).
    Removing funct_joystick.o(.rev16_text), (4 bytes).
    Removing funct_joystick.o(.revsh_text), (4 bytes).
    Removing funct_joystick.o(.rrx_text), (6 bytes).
    Removing funct_joystick.o(.text), (2 bytes).
    Removing lib_joystick.o(.rev16_text), (4 bytes).
    Removing lib_joystick.o(.revsh_text), (4 bytes).
    Removing lib_joystick.o(.rrx_text), (6 bytes).
    Removing lib_joystick.o(.text), (36 bytes).
    Removing irq_rit.o(.rev16_text), (4 bytes).
    Removing irq_rit.o(.revsh_text), (4 bytes).
    Removing irq_rit.o(.rrx_text), (6 bytes).
    Removing lib_rit.o(.rev16_text), (4 bytes).
    Removing lib_rit.o(.revsh_text), (4 bytes).
    Removing lib_rit.o(.rrx_text), (6 bytes).
    Removing irq_button.o(.rev16_text), (4 bytes).
    Removing irq_button.o(.revsh_text), (4 bytes).
    Removing irq_button.o(.rrx_text), (6 bytes).
    Removing lib_button.o(.rev16_text), (4 bytes).
    Removing lib_button.o(.revsh_text), (4 bytes).
    Removing lib_button.o(.rrx_text), (6 bytes).

41 unused section(s) (total 216866 bytes) removed from the image.

==============================================================================

Image Symbol Table

    Local Symbols

    Symbol Name                              Value     Ov Type        Size  Object(Section)

    RESET                                    0x00000000   Section      204  startup_lpc17xx.o(RESET)
    ../clib/angel/boardlib.s                 0x00000000   Number         0  boardinit2.o ABSOLUTE
    ../clib/angel/boardlib.s                 0x00000000   Number         0  boardinit1.o ABSOLUTE
    ../clib/angel/boardlib.s                 0x00000000   Number         0  boardshut.o ABSOLUTE
    ../clib/angel/boardlib.s                 0x00000000   Number         0  boardinit3.o ABSOLUTE
    ../clib/angel/handlers.s                 0x00000000   Number         0  __scatter_copy.o ABSOLUTE
    ../clib/angel/handlers.s                 0x00000000   Number         0  __scatter_zi.o ABSOLUTE
    ../clib/angel/kernel.s                   0x00000000   Number         0  __rtentry2.o ABSOLUTE
    ../clib/angel/kernel.s                   0x00000000   Number         0  rtexit.o ABSOLUTE
    ../clib/angel/kernel.s                   0x00000000   Number         0  __rtentry4.o ABSOLUTE
    ../clib/angel/kernel.s                   0x00000000   Number         0  __rtentry.o ABSOLUTE
    ../clib/angel/kernel.s                   0x00000000   Number         0  rtexit2.o ABSOLUTE
    ../clib/angel/rt.s                       0x00000000   Number         0  rt_errno_addr.o ABSOLUTE
    ../clib/angel/rt.s                       0x00000000   Number         0  rt_errno_addr_intlibspace.o ABSOLUTE
    ../clib/angel/rt.s                       0x00000000   Number         0  rt_raise.o ABSOLUTE
    ../clib/angel/rt.s                       0x00000000   Number         0  rt_heap_descriptor.o ABSOLUTE
    ../clib/angel/rt.s                       0x00000000   Number         0  rt_heap_descriptor_intlibspace.o ABSOLUTE
    ../clib/angel/scatter.s                  0x00000000   Number         0  __scatter.o ABSOLUTE
    ../clib/angel/startup.s                  0x00000000   Number         0  __main.o ABSOLUTE
    ../clib/angel/sys.s                      0x00000000   Number         0  indicate_semi.o ABSOLUTE
    ../clib/angel/sys.s                      0x00000000   Number         0  use_no_semi.o ABSOLUTE
    ../clib/angel/sys.s                      0x00000000   Number         0  libspace.o ABSOLUTE
    ../clib/angel/sys.s                      0x00000000   Number         0  sys_stackheap_outer.o ABSOLUTE
    ../clib/angel/sys.s                      0x00000000   Number         0  mutex_dummy.o ABSOLUTE
    ../clib/angel/sysapp.c                   0x00000000   Number         0  sys_command.o ABSOLUTE
    ../clib/angel/sysapp.c                   0x00000000   Number         0  sys_io.o ABSOLUTE
    ../clib/angel/sysapp.c                   0x00000000   Number         0  sys_exit.o ABSOLUTE
    ../clib/angel/sysapp.c                   0x00000000   Number         0  sys_wrch.o ABSOLUTE
    ../clib/armsys.c                         0x00000000   Number         0  _get_argv.o ABSOLUTE
    ../clib/armsys.c                         0x00000000   Number         0  argv_veneer.o ABSOLUTE
    ../clib/armsys.c                         0x00000000   Number         0  argv_veneer.o ABSOLUTE
    ../clib/armsys.c                         0x00000000   Number         0  _get_argv_nomalloc.o ABSOLUTE
    ../clib/armsys.c                         0x00000000   Number         0  no_argv.o ABSOLUTE
    ../clib/assert.c                         0x00000000   Number         0  assert_stdio.o ABSOLUTE
    ../clib/heap1.c                          0x00000000   Number         0  h1_extend_mt.o ABSOLUTE
    ../clib/heap1.c                          0x00000000   Number         0  h1_alloc.o ABSOLUTE
    ../clib/heap1.c                          0x00000000   Number         0  h1_free_mt.o ABSOLUTE
    ../clib/heap1.c                          0x00000000   Number         0  h1_final.o ABSOLUTE
    ../clib/heap1.c                          0x00000000   Number         0  h1_free.o ABSOLUTE
    ../clib/heap1.c                          0x00000000   Number         0  h1_init.o ABSOLUTE
    ../clib/heap1.c                          0x00000000   Number         0  h1_alloc_mt.o ABSOLUTE
    ../clib/heap1.c                          0x00000000   Number         0  h1_init_mt.o ABSOLUTE
    ../clib/heap1.c                          0x00000000   Number         0  h1_extend.o ABSOLUTE
    ../clib/heap1.c                          0x00000000   Number         0  h1_final_mt.o ABSOLUTE
    ../clib/heap2.c                          0x00000000   Number         0  fdtree.o ABSOLUTE
    ../clib/heap2.c                          0x00000000   Number         0  heap2.o ABSOLUTE
    ../clib/heap2.c                          0x00000000   Number         0  heap2mt.o ABSOLUTE
    ../clib/heapalloc.c                      0x00000000   Number         0  maybetermalloc2.o ABSOLUTE
    ../clib/heapalloc.c                      0x00000000   Number         0  term_alloc.o ABSOLUTE
    ../clib/heapalloc.c                      0x00000000   Number         0  hrguard.o ABSOLUTE
    ../clib/heapalloc.c                      0x00000000   Number         0  heapstubs.o ABSOLUTE
    ../clib/heapalloc.c                      0x00000000   Number         0  malloc.o ABSOLUTE
    ../clib/heapalloc.c                      0x00000000   Number         0  init_alloc.o ABSOLUTE
    ../clib/heapalloc.c                      0x00000000   Number         0  maybetermalloc1.o ABSOLUTE
    ../clib/heapalloc.c                      0x00000000   Number         0  hguard.o ABSOLUTE
    ../clib/heapalloc.c                      0x00000000   Number         0  maybetermalloc1.o ABSOLUTE
    ../clib/heapalloc.c                      0x00000000   Number         0  free.o ABSOLUTE
    ../clib/heapalloc.c                      0x00000000   Number         0  maybetermalloc2.o ABSOLUTE
    ../clib/heapaux.c                        0x00000000   Number         0  heapauxi.o ABSOLUTE
    ../clib/heapaux.c                        0x00000000   Number         0  heapauxa.o ABSOLUTE
    ../clib/libinit.s                        0x00000000   Number         0  libshutdown2.o ABSOLUTE
    ../clib/libinit.s                        0x00000000   Number         0  libinit.o ABSOLUTE
    ../clib/libinit.s                        0x00000000   Number         0  libinit2.o ABSOLUTE
    ../clib/libinit.s                        0x00000000   Number         0  libshutdown.o ABSOLUTE
    ../clib/memcpset.s                       0x00000000   Number         0  rt_memcpy_v6.o ABSOLUTE
    ../clib/memcpset.s                       0x00000000   Number         0  rt_memcpy_w.o ABSOLUTE
    ../clib/memcpset.s                       0x00000000   Number         0  rt_memclr_w.o ABSOLUTE
    ../clib/printf.c                         0x00000000   Number         0  noretval__2printf.o ABSOLUTE
    ../clib/printf.c                         0x00000000   Number         0  _printf_char_common.o ABSOLUTE
    ../clib/printf.c                         0x00000000   Number         0  _printf_char_file.o ABSOLUTE
    ../clib/printf.c                         0x00000000   Number         0  __2printf.o ABSOLUTE
    ../clib/printf.c                         0x00000000   Number         0  _printf_char_file_locked.o ABSOLUTE
    ../clib/printf.c                         0x00000000   Number         0  __printf_nopercent.o ABSOLUTE
    ../clib/signal.c                         0x00000000   Number         0  defsig_rtred_formal.o ABSOLUTE
    ../clib/signal.c                         0x00000000   Number         0  defsig_general.o ABSOLUTE
    ../clib/signal.c                         0x00000000   Number         0  __raise.o ABSOLUTE
    ../clib/signal.c                         0x00000000   Number         0  defsig_rtmem_outer.o ABSOLUTE
    ../clib/signal.c                         0x00000000   Number         0  defsig_rtmem_formal.o ABSOLUTE
    ../clib/signal.c                         0x00000000   Number         0  defsig_rtmem_inner.o ABSOLUTE
    ../clib/signal.c                         0x00000000   Number         0  defsig_abrt_inner.o ABSOLUTE
    ../clib/signal.c                         0x00000000   Number         0  defsig_fpe_inner.o ABSOLUTE
    ../clib/signal.c                         0x00000000   Number         0  defsig_stak_inner.o ABSOLUTE
    ../clib/signal.c                         0x00000000   Number         0  defsig_pvfn_inner.o ABSOLUTE
    ../clib/signal.c                         0x00000000   Number         0  defsig_cppl_inner.o ABSOLUTE
    ../clib/signal.c                         0x00000000   Number         0  defsig_segv_inner.o ABSOLUTE
    ../clib/signal.c                         0x00000000   Number         0  defsig_other.o ABSOLUTE
    ../clib/signal.c                         0x00000000   Number         0  defsig_rtred_inner.o ABSOLUTE
    ../clib/signal.c                         0x00000000   Number         0  defsig_exit.o ABSOLUTE
    ../clib/signal.c                         0x00000000   Number         0  defsig_rtred_outer.o ABSOLUTE
    ../clib/signal.s                         0x00000000   Number         0  defsig.o ABSOLUTE
    ../clib/stdio.c                          0x00000000   Number         0  fwritefast.o ABSOLUTE
    ../clib/stdio.c                          0x00000000   Number         0  fflush_locked.o ABSOLUTE
    ../clib/stdio.c                          0x00000000   Number         0  fputs_locked.o ABSOLUTE
    ../clib/stdio.c                          0x00000000   Number         0  ftell.o ABSOLUTE
    ../clib/stdio.c                          0x00000000   Number         0  fputs.o ABSOLUTE
    ../clib/stdio.c                          0x00000000   Number         0  fflush.o ABSOLUTE
    ../clib/stdio.c                          0x00000000   Number         0  fopen_locked.o ABSOLUTE
    ../clib/stdio.c                          0x00000000   Number         0  fseek.o ABSOLUTE
    ../clib/stdio.c                          0x00000000   Number         0  initio_locked.o ABSOLUTE
    ../clib/stdio.c                          0x00000000   Number         0  setvbuf.o ABSOLUTE
    ../clib/stdio.c                          0x00000000   Number         0  ferror_locked.o ABSOLUTE
    ../clib/stdio.c                          0x00000000   Number         0  initio.o ABSOLUTE
    ../clib/stdio.c                          0x00000000   Number         0  stdio_streams.o ABSOLUTE
    ../clib/stdio.c                          0x00000000   Number         0  fputc_locked.o ABSOLUTE
    ../clib/stdio.c                          0x00000000   Number         0  fwritefast_locked.o ABSOLUTE
    ../clib/stdio.c                          0x00000000   Number         0  flsbuf.o ABSOLUTE
    ../clib/stdio.c                          0x00000000   Number         0  fputc.o ABSOLUTE
    ../clib/stdio.c                          0x00000000   Number         0  ferror.o ABSOLUTE
    ../clib/stdio.c                          0x00000000   Number         0  setvbuf_locked.o ABSOLUTE
    ../clib/stdio.c                          0x00000000   Number         0  stdio.o ABSOLUTE
    ../clib/stdio.c                          0x00000000   Number         0  fclose.o ABSOLUTE
    ../clib/stdio.c                          0x00000000   Number         0  fopen.o ABSOLUTE
    ../clib/stdio.c                          0x00000000   Number         0  streamlock.o ABSOLUTE
    ../clib/stdlib.c                         0x00000000   Number         0  exit.o ABSOLUTE
    ../clib/string.c                         0x00000000   Number         0  strlen.o ABSOLUTE
    ../clib/wchar.c                          0x00000000   Number         0  flsbuf_fwide.o ABSOLUTE
    ../fplib/fpinit.s                        0x00000000   Number         0  fpinit.o ABSOLUTE
    GLCD\AsciiLib.c                          0x00000000   Number         0  asciilib.o ABSOLUTE
    GLCD\GLCD.c                              0x00000000   Number         0  glcd.o ABSOLUTE
    GLCD\HzLib.c                             0x00000000   Number         0  hzlib.o ABSOLUTE
    GLCD\\GLCD.c                             0x00000000   Number         0  glcd.o ABSOLUTE
    RIT\IRQ_RIT.c                            0x00000000   Number         0  irq_rit.o ABSOLUTE
    RIT\\IRQ_RIT.c                           0x00000000   Number         0  irq_rit.o ABSOLUTE
    RIT\\lib_RIT.c                           0x00000000   Number         0  lib_rit.o ABSOLUTE
    RIT\lib_RIT.c                            0x00000000   Number         0  lib_rit.o ABSOLUTE
    button_EXINT\IRQ_button.c                0x00000000   Number         0  irq_button.o ABSOLUTE
    button_EXINT\\IRQ_button.c               0x00000000   Number         0  irq_button.o ABSOLUTE
    button_EXINT\\lib_button.c               0x00000000   Number         0  lib_button.o ABSOLUTE
    button_EXINT\lib_button.c                0x00000000   Number         0  lib_button.o ABSOLUTE
    core_cm3.c                               0x00000000   Number         0  core_cm3.o ABSOLUTE
    core_cm3.c                               0x00000000   Number         0  core_cm3.o ABSOLUTE
    dc.s                                     0x00000000   Number         0  dc.o ABSOLUTE
    joystick\\funct_joystick.c               0x00000000   Number         0  funct_joystick.o ABSOLUTE
    joystick\\lib_joystick.c                 0x00000000   Number         0  lib_joystick.o ABSOLUTE
    joystick\funct_joystick.c                0x00000000   Number         0  funct_joystick.o ABSOLUTE
    joystick\lib_joystick.c                  0x00000000   Number         0  lib_joystick.o ABSOLUTE
    quoridor\\quoridor.c                     0x00000000   Number         0  quoridor.o ABSOLUTE
    quoridor\quoridor.c                      0x00000000   Number         0  quoridor.o ABSOLUTE
    sample.c                                 0x00000000   Number         0  sample.o ABSOLUTE
    sample.c                                 0x00000000   Number         0  sample.o ABSOLUTE
    startup_LPC17xx.s                        0x00000000   Number         0  startup_lpc17xx.o ABSOLUTE
    system_LPC17xx.c                         0x00000000   Number         0  system_lpc17xx.o ABSOLUTE
    system_LPC17xx.c                         0x00000000   Number         0  system_lpc17xx.o ABSOLUTE
    timer\IRQ_timer.c                        0x00000000   Number         0  irq_timer.o ABSOLUTE
    timer\\IRQ_timer.c                       0x00000000   Number         0  irq_timer.o ABSOLUTE
    timer\\lib_timer.c                       0x00000000   Number         0  lib_timer.o ABSOLUTE
    timer\lib_timer.c                        0x00000000   Number         0  lib_timer.o ABSOLUTE
    !!!main                                  0x000000cc   Section        8  __main.o(!!!main)
    !!!scatter                               0x000000d4   Section       52  __scatter.o(!!!scatter)
    !!handler_copy                           0x00000108   Section       26  __scatter_copy.o(!!handler_copy)
    !!handler_zi                             0x00000124   Section       28  __scatter_zi.o(!!handler_zi)
    .ARM.Collect$$libinit$$00000000          0x00000140   Section        2  libinit.o(.ARM.Collect$$libinit$$00000000)
    .ARM.Collect$$libinit$$00000002          0x00000142   Section        0  libinit2.o(.ARM.Collect$$libinit$$00000002)
    .ARM.Collect$$libinit$$00000004          0x00000142   Section        0  libinit2.o(.ARM.Collect$$libinit$$00000004)
    .ARM.Collect$$libinit$$00000005          0x00000142   Section        8  libinit2.o(.ARM.Collect$$libinit$$00000005)
    .ARM.Collect$$libinit$$0000000A          0x0000014a   Section        0  libinit2.o(.ARM.Collect$$libinit$$0000000A)
    .ARM.Collect$$libinit$$0000000C          0x0000014a   Section        0  libinit2.o(.ARM.Collect$$libinit$$0000000C)
    .ARM.Collect$$libinit$$0000000E          0x0000014a   Section        0  libinit2.o(.ARM.Collect$$libinit$$0000000E)
    .ARM.Collect$$libinit$$00000011          0x0000014a   Section        0  libinit2.o(.ARM.Collect$$libinit$$00000011)
    .ARM.Collect$$libinit$$00000013          0x0000014a   Section        0  libinit2.o(.ARM.Collect$$libinit$$00000013)
    .ARM.Collect$$libinit$$00000015          0x0000014a   Section        0  libinit2.o(.ARM.Collect$$libinit$$00000015)
    .ARM.Collect$$libinit$$00000017          0x0000014a   Section        0  libinit2.o(.ARM.Collect$$libinit$$00000017)
    .ARM.Collect$$libinit$$00000019          0x0000014a   Section        0  libinit2.o(.ARM.Collect$$libinit$$00000019)
    .ARM.Collect$$libinit$$0000001B          0x0000014a   Section        0  libinit2.o(.ARM.Collect$$libinit$$0000001B)
    .ARM.Collect$$libinit$$0000001D          0x0000014a   Section        0  libinit2.o(.ARM.Collect$$libinit$$0000001D)
    .ARM.Collect$$libinit$$0000001F          0x0000014a   Section        0  libinit2.o(.ARM.Collect$$libinit$$0000001F)
    .ARM.Collect$$libinit$$00000021          0x0000014a   Section        0  libinit2.o(.ARM.Collect$$libinit$$00000021)
    .ARM.Collect$$libinit$$00000023          0x0000014a   Section        0  libinit2.o(.ARM.Collect$$libinit$$00000023)
    .ARM.Collect$$libinit$$00000024          0x0000014a   Section        4  libinit2.o(.ARM.Collect$$libinit$$00000024)
    .ARM.Collect$$libinit$$00000025          0x0000014e   Section        0  libinit2.o(.ARM.Collect$$libinit$$00000025)
    .ARM.Collect$$libinit$$0000002C          0x0000014e   Section        0  libinit2.o(.ARM.Collect$$libinit$$0000002C)
    .ARM.Collect$$libinit$$0000002E          0x0000014e   Section        0  libinit2.o(.ARM.Collect$$libinit$$0000002E)
    .ARM.Collect$$libinit$$00000030          0x0000014e   Section        0  libinit2.o(.ARM.Collect$$libinit$$00000030)
    .ARM.Collect$$libinit$$00000032          0x0000014e   Section        0  libinit2.o(.ARM.Collect$$libinit$$00000032)
    .ARM.Collect$$libinit$$00000033          0x0000014e   Section        2  libinit2.o(.ARM.Collect$$libinit$$00000033)
    .ARM.Collect$$libshutdown$$00000000      0x00000150   Section        2  libshutdown.o(.ARM.Collect$$libshutdown$$00000000)
    .ARM.Collect$$libshutdown$$00000002      0x00000152   Section        0  libshutdown2.o(.ARM.Collect$$libshutdown$$00000002)
    .ARM.Collect$$libshutdown$$00000004      0x00000152   Section        0  libshutdown2.o(.ARM.Collect$$libshutdown$$00000004)
    .ARM.Collect$$libshutdown$$00000005      0x00000152   Section        4  libshutdown2.o(.ARM.Collect$$libshutdown$$00000005)
    .ARM.Collect$$libshutdown$$00000006      0x00000156   Section        0  libshutdown2.o(.ARM.Collect$$libshutdown$$00000006)
    .ARM.Collect$$libshutdown$$00000009      0x00000156   Section        0  libshutdown2.o(.ARM.Collect$$libshutdown$$00000009)
    .ARM.Collect$$libshutdown$$0000000C      0x00000156   Section        0  libshutdown2.o(.ARM.Collect$$libshutdown$$0000000C)
    .ARM.Collect$$libshutdown$$0000000E      0x00000156   Section        0  libshutdown2.o(.ARM.Collect$$libshutdown$$0000000E)
    .ARM.Collect$$libshutdown$$00000011      0x00000156   Section        0  libshutdown2.o(.ARM.Collect$$libshutdown$$00000011)
    .ARM.Collect$$libshutdown$$00000012      0x00000156   Section        2  libshutdown2.o(.ARM.Collect$$libshutdown$$00000012)
    .ARM.Collect$$rtentry$$00000000          0x00000158   Section        0  __rtentry.o(.ARM.Collect$$rtentry$$00000000)
    .ARM.Collect$$rtentry$$00000002          0x00000158   Section        0  __rtentry2.o(.ARM.Collect$$rtentry$$00000002)
    .ARM.Collect$$rtentry$$00000004          0x00000158   Section        6  __rtentry4.o(.ARM.Collect$$rtentry$$00000004)
    .ARM.Collect$$rtentry$$00000009          0x0000015e   Section        0  __rtentry2.o(.ARM.Collect$$rtentry$$00000009)
    .ARM.Collect$$rtentry$$0000000A          0x0000015e   Section        4  __rtentry2.o(.ARM.Collect$$rtentry$$0000000A)
    .ARM.Collect$$rtentry$$0000000C          0x00000162   Section        0  __rtentry2.o(.ARM.Collect$$rtentry$$0000000C)
    .ARM.Collect$$rtentry$$0000000D          0x00000162   Section        8  __rtentry2.o(.ARM.Collect$$rtentry$$0000000D)
    .ARM.Collect$$rtexit$$00000000           0x0000016a   Section        2  rtexit.o(.ARM.Collect$$rtexit$$00000000)
    .ARM.Collect$$rtexit$$00000002           0x0000016c   Section        0  rtexit2.o(.ARM.Collect$$rtexit$$00000002)
    .ARM.Collect$$rtexit$$00000003           0x0000016c   Section        4  rtexit2.o(.ARM.Collect$$rtexit$$00000003)
    .ARM.Collect$$rtexit$$00000004           0x00000170   Section        6  rtexit2.o(.ARM.Collect$$rtexit$$00000004)
    .emb_text                                0x00000178   Section        0  maybetermalloc1.o(.emb_text)
    .text                                    0x00000178   Section       56  startup_lpc17xx.o(.text)
    .text                                    0x000001b0   Section        0  sample.o(.text)
    .text                                    0x00000210   Section        0  irq_timer.o(.text)
    .text                                    0x000002cc   Section        0  asciilib.o(.text)
    .text                                    0x000002ec   Section        0  heapauxi.o(.text)
    .text                                    0x000002f2   Section        0  ferror.o(.text)
    .text                                    0x000002fa   Section        2  use_no_semi.o(.text)
    .ARM.__at_0x02FC                         0x000002fc   Section        4  startup_lpc17xx.o(.ARM.__at_0x02FC)
    .text                                    0x00000300   Section        0  system_lpc17xx.o(.text)
    .text                                    0x0000052c   Section        0  lib_timer.o(.text)
    __NVIC_EnableIRQ                         0x0000052d   Thumb Code    34  lib_timer.o(.text)
    .text                                    0x000005d4   Section        0  glcd.o(.text)
    LCD_Configuration                        0x000005d5   Thumb Code    20  glcd.o(.text)
    wait_delay                               0x000005e9   Thumb Code    12  glcd.o(.text)
    LCD_SetCursor                            0x000005f5   Thumb Code  1356  glcd.o(.text)
    delay_ms                                 0x00000b41   Thumb Code    30  glcd.o(.text)
    LCD_BGR2RGB                              0x00004999   Thumb Code    26  glcd.o(.text)
    .text                                    0x00004d98   Section        0  quoridor.o(.text)
    .text                                    0x000067e4   Section        0  irq_rit.o(.text)
    __NVIC_EnableIRQ                         0x000067e5   Thumb Code    34  irq_rit.o(.text)
    .text                                    0x00006d30   Section        0  lib_rit.o(.text)
    .text                                    0x00006dc4   Section        0  irq_button.o(.text)
    __NVIC_DisableIRQ                        0x00006dc5   Thumb Code    30  irq_button.o(.text)
    .text                                    0x00006e7c   Section        0  lib_button.o(.text)
    __NVIC_EnableIRQ                         0x00006e7d   Thumb Code    34  lib_button.o(.text)
    __NVIC_SetPriority                       0x00006e9f   Thumb Code    32  lib_button.o(.text)
    .text                                    0x00006f50   Section        0  noretval__2printf.o(.text)
    .text                                    0x00006f68   Section      138  rt_memcpy_v6.o(.text)
    .text                                    0x00006ff4   Section        0  _printf_char_file.o(.text)
    .text                                    0x00007018   Section      100  rt_memcpy_w.o(.text)
    .text                                    0x0000707c   Section        0  _printf_char_common.o(.text)
    _printf_input_char                       0x0000707d   Thumb Code    10  _printf_char_common.o(.text)
    .text                                    0x000070ac   Section        0  initio.o(.text)
    .text                                    0x000071e4   Section        0  sys_io.o(.text)
    .text                                    0x0000724a   Section       74  sys_stackheap_outer.o(.text)
    .text                                    0x00007294   Section        0  h1_free.o(.text)
    .text                                    0x000072e2   Section        0  __printf_nopercent.o(.text)
    .text                                    0x0000730a   Section        0  flsbuf.o(.text)
    .text                                    0x000074e0   Section        0  setvbuf.o(.text)
    .text                                    0x00007528   Section        0  fopen.o(.text)
    _freopen_locked                          0x00007529   Thumb Code     0  fopen.o(.text)
    .text                                    0x00007614   Section        0  fclose.o(.text)
    .text                                    0x00007660   Section        0  exit.o(.text)
    .text                                    0x00007672   Section        0  defsig_rtred_outer.o(.text)
    .text                                    0x00007680   Section       78  rt_memclr_w.o(.text)
    .text                                    0x000076d0   Section        8  libspace.o(.text)
    .text                                    0x000076d8   Section        0  indicate_semi.o(.text)
    .text                                    0x000076d8   Section        8  rt_heap_descriptor_intlibspace.o(.text)
    .text                                    0x000076e0   Section        0  hguard.o(.text)
    .text                                    0x000076e4   Section        0  init_alloc.o(.text)
    .text                                    0x0000776e   Section        0  h1_alloc.o(.text)
    .text                                    0x000077cc   Section        0  fseek.o(.text)
    .text                                    0x000078c4   Section        0  stdio.o(.text)
    .text                                    0x000079b4   Section        0  defsig_exit.o(.text)
    .text                                    0x000079c0   Section        0  defsig_rtred_inner.o(.text)
    .text                                    0x000079f4   Section        0  strlen.o(.text)
    .text                                    0x00007a34   Section        0  sys_exit.o(.text)
    .text                                    0x00007a40   Section        0  h1_init.o(.text)
    .text                                    0x00007a4e   Section        0  h1_extend.o(.text)
    .text                                    0x00007a82   Section        0  ftell.o(.text)
    .text                                    0x00007ac4   Section        0  defsig_general.o(.text)
    .text                                    0x00007af6   Section        0  defsig_rtmem_outer.o(.text)
    .text                                    0x00007b04   Section        0  sys_wrch.o(.text)
    .text                                    0x00007b14   Section        8  rt_errno_addr_intlibspace.o(.text)
    .text                                    0x00007b1c   Section        0  defsig_rtmem_inner.o(.text)
    i.fputc                                  0x00007b6c   Section        0  fputc.o(i.fputc)
    .constdata                               0x00007b86   Section     1520  asciilib.o(.constdata)
    AsciiLib                                 0x00007b86   Data        1520  asciilib.o(.constdata)
    .constdata                               0x00008176   Section        4  sys_io.o(.constdata)
    .constdata                               0x0000817a   Section        4  sys_io.o(.constdata)
    .constdata                               0x0000817e   Section        4  sys_io.o(.constdata)
    STACK                                    0x10000000   Section     8192  startup_lpc17xx.o(STACK)
    Stack_Mem                                0x10000000   Data        8192  startup_lpc17xx.o(STACK)
    __initial_sp                             0x10002000   Data           0  startup_lpc17xx.o(STACK)
    .data                                    0x2007c000   Section        4  system_lpc17xx.o(.data)
    .data                                    0x2007c004   Section        7  irq_timer.o(.data)
    .data                                    0x2007c00b   Section        1  glcd.o(.data)
    LCD_Code                                 0x2007c00b   Data           1  glcd.o(.data)
    .data                                    0x2007c00c   Section       44  quoridor.o(.data)
    .data                                    0x2007c038   Section       60  irq_rit.o(.data)
    select                                   0x2007c05c   Data           4  irq_rit.o(.data)
    J_down_1                                 0x2007c060   Data           4  irq_rit.o(.data)
    J_Up                                     0x2007c064   Data           4  irq_rit.o(.data)
    pointer                                  0x2007c068   Data           4  irq_rit.o(.data)
    J_left                                   0x2007c06c   Data           4  irq_rit.o(.data)
    J_right                                  0x2007c070   Data           4  irq_rit.o(.data)
    .data                                    0x2007c074   Section        4  stdio_streams.o(.data)
    .data                                    0x2007c078   Section        4  stdio_streams.o(.data)
    .data                                    0x2007c07c   Section        4  stdio_streams.o(.data)
    .bss                                     0x2007c080   Section      845  quoridor.o(.bss)
    .bss                                     0x2007c3d0   Section       84  stdio_streams.o(.bss)
    .bss                                     0x2007c424   Section       84  stdio_streams.o(.bss)
    .bss                                     0x2007c478   Section       84  stdio_streams.o(.bss)
    .bss                                     0x2007c4cc   Section       96  libspace.o(.bss)
    HEAP                                     0x2007c530   Section     4096  startup_lpc17xx.o(HEAP)
    Heap_Mem                                 0x2007c530   Data        4096  startup_lpc17xx.o(HEAP)

    Global Symbols

    Symbol Name                              Value     Ov Type        Size  Object(Section)

    BuildAttributes$$THM_ISAv4$P$D$K$B$S$PE$A:L22UL41UL21$X:L11$S22US41US21$IEEE1$IW$USESV6$~STKCKD$USESV7$~SHL$OTIME$ROPI$EBA8$UX$STANDARDLIB$REQ8$PRES8$EABIv2 0x00000000   Number         0  anon$$obj.o ABSOLUTE
    __ARM_use_no_argv                        0x00000000   Number         0  sample.o ABSOLUTE
    __Vectors                                0x00000000   Data           4  startup_lpc17xx.o(RESET)
    __ARM_exceptions_init                     - Undefined Weak Reference
    __alloca_initialize                       - Undefined Weak Reference
    __arm_fini_                               - Undefined Weak Reference
    __arm_preinit_                            - Undefined Weak Reference
    __cpp_initialize__aeabi_                  - Undefined Weak Reference
    __cxa_finalize                            - Undefined Weak Reference
    __rt_locale                               - Undefined Weak Reference
    __sigvec_lookup                           - Undefined Weak Reference
    __user_heap_extent                        - Undefined Weak Reference
    _atexit_init                              - Undefined Weak Reference
    _call_atexit_fns                          - Undefined Weak Reference
    _clock_init                               - Undefined Weak Reference
    _fp_trap_init                             - Undefined Weak Reference
    _fp_trap_shutdown                         - Undefined Weak Reference
    _get_lc_collate                           - Undefined Weak Reference
    _get_lc_ctype                             - Undefined Weak Reference
    _get_lc_monetary                          - Undefined Weak Reference
    _get_lc_numeric                           - Undefined Weak Reference
    _get_lc_time                              - Undefined Weak Reference
    _getenv_init                              - Undefined Weak Reference
    _handle_redirection                       - Undefined Weak Reference
    _mutex_acquire                            - Undefined Weak Reference
    _mutex_free                               - Undefined Weak Reference
    _mutex_release                            - Undefined Weak Reference
    _rand_init                                - Undefined Weak Reference
    _signal_finish                            - Undefined Weak Reference
    _signal_init                              - Undefined Weak Reference
    __main                                   0x000000cd   Thumb Code     8  __main.o(!!!main)
    __scatterload                            0x000000d5   Thumb Code     0  __scatter.o(!!!scatter)
    __scatterload_rt2                        0x000000d5   Thumb Code    44  __scatter.o(!!!scatter)
    __scatterload_rt2_thumb_only             0x000000d5   Thumb Code     0  __scatter.o(!!!scatter)
    __scatterload_null                       0x000000e3   Thumb Code     0  __scatter.o(!!!scatter)
    __scatterload_copy                       0x00000109   Thumb Code    26  __scatter_copy.o(!!handler_copy)
    __scatterload_zeroinit                   0x00000125   Thumb Code    28  __scatter_zi.o(!!handler_zi)
    __rt_lib_init                            0x00000141   Thumb Code     0  libinit.o(.ARM.Collect$$libinit$$00000000)
    __rt_lib_init_fp_1                       0x00000143   Thumb Code     0  libinit2.o(.ARM.Collect$$libinit$$00000002)
    __rt_lib_init_heap_2                     0x00000143   Thumb Code     0  libinit2.o(.ARM.Collect$$libinit$$00000005)
    __rt_lib_init_preinit_1                  0x00000143   Thumb Code     0  libinit2.o(.ARM.Collect$$libinit$$00000004)
    __rt_lib_init_atexit_1                   0x0000014b   Thumb Code     0  libinit2.o(.ARM.Collect$$libinit$$0000001B)
    __rt_lib_init_clock_1                    0x0000014b   Thumb Code     0  libinit2.o(.ARM.Collect$$libinit$$00000021)
    __rt_lib_init_fp_trap_1                  0x0000014b   Thumb Code     0  libinit2.o(.ARM.Collect$$libinit$$0000001F)
    __rt_lib_init_getenv_1                   0x0000014b   Thumb Code     0  libinit2.o(.ARM.Collect$$libinit$$00000023)
    __rt_lib_init_heap_1                     0x0000014b   Thumb Code     0  libinit2.o(.ARM.Collect$$libinit$$0000000A)
    __rt_lib_init_lc_collate_1               0x0000014b   Thumb Code     0  libinit2.o(.ARM.Collect$$libinit$$00000011)
    __rt_lib_init_lc_ctype_1                 0x0000014b   Thumb Code     0  libinit2.o(.ARM.Collect$$libinit$$00000013)
    __rt_lib_init_lc_monetary_1              0x0000014b   Thumb Code     0  libinit2.o(.ARM.Collect$$libinit$$00000015)
    __rt_lib_init_lc_numeric_1               0x0000014b   Thumb Code     0  libinit2.o(.ARM.Collect$$libinit$$00000017)
    __rt_lib_init_lc_time_1                  0x0000014b   Thumb Code     0  libinit2.o(.ARM.Collect$$libinit$$00000019)
    __rt_lib_init_rand_1                     0x0000014b   Thumb Code     0  libinit2.o(.ARM.Collect$$libinit$$0000000E)
    __rt_lib_init_signal_1                   0x0000014b   Thumb Code     0  libinit2.o(.ARM.Collect$$libinit$$0000001D)
    __rt_lib_init_stdio_2                    0x0000014b   Thumb Code     0  libinit2.o(.ARM.Collect$$libinit$$00000024)
    __rt_lib_init_user_alloc_1               0x0000014b   Thumb Code     0  libinit2.o(.ARM.Collect$$libinit$$0000000C)
    __rt_lib_init_alloca_1                   0x0000014f   Thumb Code     0  libinit2.o(.ARM.Collect$$libinit$$0000002E)
    __rt_lib_init_argv_1                     0x0000014f   Thumb Code     0  libinit2.o(.ARM.Collect$$libinit$$0000002C)
    __rt_lib_init_cpp_1                      0x0000014f   Thumb Code     0  libinit2.o(.ARM.Collect$$libinit$$00000032)
    __rt_lib_init_exceptions_1               0x0000014f   Thumb Code     0  libinit2.o(.ARM.Collect$$libinit$$00000030)
    __rt_lib_init_return                     0x0000014f   Thumb Code     0  libinit2.o(.ARM.Collect$$libinit$$00000033)
    __rt_lib_init_stdio_1                    0x0000014f   Thumb Code     0  libinit2.o(.ARM.Collect$$libinit$$00000025)
    __rt_lib_shutdown                        0x00000151   Thumb Code     0  libshutdown.o(.ARM.Collect$$libshutdown$$00000000)
    __rt_lib_shutdown_cpp_1                  0x00000153   Thumb Code     0  libshutdown2.o(.ARM.Collect$$libshutdown$$00000004)
    __rt_lib_shutdown_fini_1                 0x00000153   Thumb Code     0  libshutdown2.o(.ARM.Collect$$libshutdown$$00000002)
    __rt_lib_shutdown_stdio_2                0x00000153   Thumb Code     0  libshutdown2.o(.ARM.Collect$$libshutdown$$00000005)
    __rt_lib_shutdown_fp_trap_1              0x00000157   Thumb Code     0  libshutdown2.o(.ARM.Collect$$libshutdown$$00000009)
    __rt_lib_shutdown_heap_1                 0x00000157   Thumb Code     0  libshutdown2.o(.ARM.Collect$$libshutdown$$00000011)
    __rt_lib_shutdown_return                 0x00000157   Thumb Code     0  libshutdown2.o(.ARM.Collect$$libshutdown$$00000012)
    __rt_lib_shutdown_signal_1               0x00000157   Thumb Code     0  libshutdown2.o(.ARM.Collect$$libshutdown$$0000000C)
    __rt_lib_shutdown_stdio_1                0x00000157   Thumb Code     0  libshutdown2.o(.ARM.Collect$$libshutdown$$00000006)
    __rt_lib_shutdown_user_alloc_1           0x00000157   Thumb Code     0  libshutdown2.o(.ARM.Collect$$libshutdown$$0000000E)
    __rt_entry                               0x00000159   Thumb Code     0  __rtentry.o(.ARM.Collect$$rtentry$$00000000)
    __rt_entry_presh_1                       0x00000159   Thumb Code     0  __rtentry2.o(.ARM.Collect$$rtentry$$00000002)
    __rt_entry_sh                            0x00000159   Thumb Code     0  __rtentry4.o(.ARM.Collect$$rtentry$$00000004)
    __rt_entry_li                            0x0000015f   Thumb Code     0  __rtentry2.o(.ARM.Collect$$rtentry$$0000000A)
    __rt_entry_postsh_1                      0x0000015f   Thumb Code     0  __rtentry2.o(.ARM.Collect$$rtentry$$00000009)
    __rt_entry_main                          0x00000163   Thumb Code     0  __rtentry2.o(.ARM.Collect$$rtentry$$0000000D)
    __rt_entry_postli_1                      0x00000163   Thumb Code     0  __rtentry2.o(.ARM.Collect$$rtentry$$0000000C)
    __rt_exit                                0x0000016b   Thumb Code     0  rtexit.o(.ARM.Collect$$rtexit$$00000000)
    __rt_exit_ls                             0x0000016d   Thumb Code     0  rtexit2.o(.ARM.Collect$$rtexit$$00000003)
    __rt_exit_prels_1                        0x0000016d   Thumb Code     0  rtexit2.o(.ARM.Collect$$rtexit$$00000002)
    __rt_exit_exit                           0x00000171   Thumb Code     0  rtexit2.o(.ARM.Collect$$rtexit$$00000004)
    Reset_Handler                            0x00000179   Thumb Code     4  startup_lpc17xx.o(.text)
    _maybe_terminate_alloc                   0x00000179   Thumb Code     0  maybetermalloc1.o(.emb_text)
    NMI_Handler                              0x0000017d   Thumb Code     2  startup_lpc17xx.o(.text)
    HardFault_Handler                        0x0000017f   Thumb Code     2  startup_lpc17xx.o(.text)
    MemManage_Handler                        0x00000181   Thumb Code     2  startup_lpc17xx.o(.text)
    BusFault_Handler                         0x00000183   Thumb Code     2  startup_lpc17xx.o(.text)
    UsageFault_Handler                       0x00000185   Thumb Code     2  startup_lpc17xx.o(.text)
    SVC_Handler                              0x00000187   Thumb Code     2  startup_lpc17xx.o(.text)
    DebugMon_Handler                         0x00000189   Thumb Code     2  startup_lpc17xx.o(.text)
    PendSV_Handler                           0x0000018b   Thumb Code     2  startup_lpc17xx.o(.text)
    SysTick_Handler                          0x0000018d   Thumb Code     2  startup_lpc17xx.o(.text)
    ADC_IRQHandler                           0x0000018f   Thumb Code     0  startup_lpc17xx.o(.text)
    BOD_IRQHandler                           0x0000018f   Thumb Code     0  startup_lpc17xx.o(.text)
    CANActivity_IRQHandler                   0x0000018f   Thumb Code     0  startup_lpc17xx.o(.text)
    CAN_IRQHandler                           0x0000018f   Thumb Code     0  startup_lpc17xx.o(.text)
    DMA_IRQHandler                           0x0000018f   Thumb Code     0  startup_lpc17xx.o(.text)
    EINT3_IRQHandler                         0x0000018f   Thumb Code     0  startup_lpc17xx.o(.text)
    ENET_IRQHandler                          0x0000018f   Thumb Code     0  startup_lpc17xx.o(.text)
    I2C0_IRQHandler                          0x0000018f   Thumb Code     0  startup_lpc17xx.o(.text)
    I2C1_IRQHandler                          0x0000018f   Thumb Code     0  startup_lpc17xx.o(.text)
    I2C2_IRQHandler                          0x0000018f   Thumb Code     0  startup_lpc17xx.o(.text)
    I2S_IRQHandler                           0x0000018f   Thumb Code     0  startup_lpc17xx.o(.text)
    MCPWM_IRQHandler                         0x0000018f   Thumb Code     0  startup_lpc17xx.o(.text)
    PLL0_IRQHandler                          0x0000018f   Thumb Code     0  startup_lpc17xx.o(.text)
    PLL1_IRQHandler                          0x0000018f   Thumb Code     0  startup_lpc17xx.o(.text)
    PWM1_IRQHandler                          0x0000018f   Thumb Code     0  startup_lpc17xx.o(.text)
    QEI_IRQHandler                           0x0000018f   Thumb Code     0  startup_lpc17xx.o(.text)
    RTC_IRQHandler                           0x0000018f   Thumb Code     0  startup_lpc17xx.o(.text)
    SPI_IRQHandler                           0x0000018f   Thumb Code     0  startup_lpc17xx.o(.text)
    SSP0_IRQHandler                          0x0000018f   Thumb Code     0  startup_lpc17xx.o(.text)
    SSP1_IRQHandler                          0x0000018f   Thumb Code     0  startup_lpc17xx.o(.text)
    TIMER2_IRQHandler                        0x0000018f   Thumb Code     0  startup_lpc17xx.o(.text)
    TIMER3_IRQHandler                        0x0000018f   Thumb Code     0  startup_lpc17xx.o(.text)
    UART0_IRQHandler                         0x0000018f   Thumb Code     0  startup_lpc17xx.o(.text)
    UART1_IRQHandler                         0x0000018f   Thumb Code     0  startup_lpc17xx.o(.text)
    UART2_IRQHandler                         0x0000018f   Thumb Code     0  startup_lpc17xx.o(.text)
    UART3_IRQHandler                         0x0000018f   Thumb Code     0  startup_lpc17xx.o(.text)
    USBActivity_IRQHandler                   0x0000018f   Thumb Code     0  startup_lpc17xx.o(.text)
    USB_IRQHandler                           0x0000018f   Thumb Code     0  startup_lpc17xx.o(.text)
    WDT_IRQHandler                           0x0000018f   Thumb Code     0  startup_lpc17xx.o(.text)
    __user_initial_stackheap                 0x00000191   Thumb Code     0  startup_lpc17xx.o(.text)
    main                                     0x000001b1   Thumb Code    82  sample.o(.text)
    TIMER0_IRQHandler                        0x00000211   Thumb Code   156  irq_timer.o(.text)
    TIMER1_IRQHandler                        0x000002ad   Thumb Code     8  irq_timer.o(.text)
    GetASCIICode                             0x000002cd   Thumb Code    26  asciilib.o(.text)
    __use_two_region_memory                  0x000002ed   Thumb Code     2  heapauxi.o(.text)
    __rt_heap_escrow                         0x000002ef   Thumb Code     2  heapauxi.o(.text)
    __rt_heap_expand                         0x000002f1   Thumb Code     2  heapauxi.o(.text)
    ferror                                   0x000002f3   Thumb Code     8  ferror.o(.text)
    __I$use$semihosting                      0x000002fb   Thumb Code     0  use_no_semi.o(.text)
    __use_no_semihosting_swi                 0x000002fb   Thumb Code     2  use_no_semi.o(.text)
    SystemInit                               0x00000301   Thumb Code   526  system_lpc17xx.o(.text)
    enable_timer                             0x0000054f   Thumb Code    20  lib_timer.o(.text)
    disable_timer                            0x00000563   Thumb Code    20  lib_timer.o(.text)
    reset_timer                              0x00000577   Thumb Code    30  lib_timer.o(.text)
    init_timer                               0x00000595   Thumb Code    60  lib_timer.o(.text)
    LCD_Initialization                       0x00000b5f   Thumb Code 12014  glcd.o(.text)
    LCD_SetPoint                             0x00003a4d   Thumb Code   212  glcd.o(.text)
    PutChar                                  0x00003b21   Thumb Code   100  glcd.o(.text)
    GUI_Text                                 0x00003b85   Thumb Code    80  glcd.o(.text)
    LCD_DrawLine                             0x00003bd5   Thumb Code   250  glcd.o(.text)
    board_Init                               0x00003ccf   Thumb Code   338  glcd.o(.text)
    FillCell                                 0x00003e21   Thumb Code   300  glcd.o(.text)
    Fill_muro_Or                             0x00003f4d   Thumb Code   266  glcd.o(.text)
    Fill_muro_Or_Singl                       0x00004057   Thumb Code   292  glcd.o(.text)
    Fill_muro_Ver                            0x0000417b   Thumb Code   266  glcd.o(.text)
    Fill_muro_Ver_Singl                      0x00004285   Thumb Code   298  glcd.o(.text)
    LCD_Clear                                0x000043af   Thumb Code  1514  glcd.o(.text)
    LCD_GetPoint                             0x000049b3   Thumb Code   992  glcd.o(.text)
    check_alto                               0x00004d99   Thumb Code    64  quoridor.o(.text)
    check_sinistra                           0x00004dd9   Thumb Code    64  quoridor.o(.text)
    check_destra                             0x00004e19   Thumb Code    66  quoridor.o(.text)
    check_basso                              0x00004e5b   Thumb Code    66  quoridor.o(.text)
    reset_caselle                            0x00004e9d   Thumb Code    58  quoridor.o(.text)
    funzione_ricorsiva1                      0x00004ed7   Thumb Code   354  quoridor.o(.text)
    funzione_ricorsiva2                      0x00005039   Thumb Code   372  quoridor.o(.text)
    mossa                                    0x000051ad   Thumb Code   186  quoridor.o(.text)
    diminuisci_muri                          0x00005267   Thumb Code   268  quoridor.o(.text)
    color_turno                              0x00005373   Thumb Code    86  quoridor.o(.text)
    controllo_riga                           0x000053c9   Thumb Code   100  quoridor.o(.text)
    controllo_colonnna                       0x0000542d   Thumb Code   100  quoridor.o(.text)
    faiOr                                    0x00005491   Thumb Code   134  quoridor.o(.text)
    disfaiOr                                 0x00005517   Thumb Code   242  quoridor.o(.text)
    faiVer                                   0x00005609   Thumb Code   136  quoridor.o(.text)
    disfaiVer                                0x00005691   Thumb Code   136  quoridor.o(.text)
    riempi_Mat                               0x00005719   Thumb Code   126  quoridor.o(.text)
    mossa_valida                             0x00005797   Thumb Code  1070  quoridor.o(.text)
    setup                                    0x00005bc5   Thumb Code   222  quoridor.o(.text)
    colora_possibili                         0x00005ca3   Thumb Code   452  quoridor.o(.text)
    vittoria                                 0x00005e67   Thumb Code    78  quoridor.o(.text)
    mossa_in                                 0x00005eb5   Thumb Code  1076  quoridor.o(.text)
    prova_muro_or                            0x000062e9   Thumb Code   324  quoridor.o(.text)
    prova_muro_ver                           0x0000642d   Thumb Code   404  quoridor.o(.text)
    check                                    0x000065c1   Thumb Code   326  quoridor.o(.text)
    ruota                                    0x00006707   Thumb Code    66  quoridor.o(.text)
    cambio_turno                             0x00006749   Thumb Code    90  quoridor.o(.text)
    muri_finiti                              0x000067a3   Thumb Code    30  quoridor.o(.text)
    RIT_IRQHandler                           0x00006807   Thumb Code  1284  irq_rit.o(.text)
    enable_RIT                               0x00006d31   Thumb Code    14  lib_rit.o(.text)
    disable_RIT                              0x00006d3f   Thumb Code    14  lib_rit.o(.text)
    reset_RIT                                0x00006d4d   Thumb Code     8  lib_rit.o(.text)
    init_RIT                                 0x00006d55   Thumb Code    98  lib_rit.o(.text)
    EINT0_IRQHandler                         0x00006de3   Thumb Code    42  irq_button.o(.text)
    EINT1_IRQHandler                         0x00006e0d   Thumb Code    42  irq_button.o(.text)
    EINT2_IRQHandler                         0x00006e37   Thumb Code    42  irq_button.o(.text)
    BUTTON_init                              0x00006ebf   Thumb Code   124  lib_button.o(.text)
    __2printf                                0x00006f51   Thumb Code    20  noretval__2printf.o(.text)
    __aeabi_memcpy                           0x00006f69   Thumb Code     0  rt_memcpy_v6.o(.text)
    __rt_memcpy                              0x00006f69   Thumb Code   138  rt_memcpy_v6.o(.text)
    _memcpy_lastbytes                        0x00006fcf   Thumb Code     0  rt_memcpy_v6.o(.text)
    _printf_char_file                        0x00006ff5   Thumb Code    32  _printf_char_file.o(.text)
    __aeabi_memcpy4                          0x00007019   Thumb Code     0  rt_memcpy_w.o(.text)
    __aeabi_memcpy8                          0x00007019   Thumb Code     0  rt_memcpy_w.o(.text)
    __rt_memcpy_w                            0x00007019   Thumb Code   100  rt_memcpy_w.o(.text)
    _memcpy_lastbytes_aligned                0x00007061   Thumb Code     0  rt_memcpy_w.o(.text)
    _printf_char_common                      0x00007087   Thumb Code    32  _printf_char_common.o(.text)
    _initio                                  0x000070ad   Thumb Code   210  initio.o(.text)
    _terminateio                             0x0000717f   Thumb Code    56  initio.o(.text)
    _sys_open                                0x000071e5   Thumb Code    20  sys_io.o(.text)
    _sys_close                               0x000071f9   Thumb Code    12  sys_io.o(.text)
    _sys_write                               0x00007205   Thumb Code    16  sys_io.o(.text)
    _sys_read                                0x00007215   Thumb Code    14  sys_io.o(.text)
    _sys_istty                               0x00007223   Thumb Code    12  sys_io.o(.text)
    _sys_seek                                0x0000722f   Thumb Code    14  sys_io.o(.text)
    _sys_ensure                              0x0000723d   Thumb Code     2  sys_io.o(.text)
    _sys_flen                                0x0000723f   Thumb Code    12  sys_io.o(.text)
    __user_setup_stackheap                   0x0000724b   Thumb Code    74  sys_stackheap_outer.o(.text)
    free                                     0x00007295   Thumb Code    78  h1_free.o(.text)
    __printf                                 0x000072e3   Thumb Code    40  __printf_nopercent.o(.text)
    __flsbuf                                 0x0000730b   Thumb Code   470  flsbuf.o(.text)
    __flsbuf_byte                            0x0000730b   Thumb Code     0  flsbuf.o(.text)
    __flsbuf_wide                            0x0000730b   Thumb Code     0  flsbuf.o(.text)
    setvbuf                                  0x000074e1   Thumb Code    70  setvbuf.o(.text)
    freopen                                  0x00007529   Thumb Code   158  fopen.o(.text)
    fopen                                    0x000075c7   Thumb Code    74  fopen.o(.text)
    _fclose_internal                         0x00007615   Thumb Code    76  fclose.o(.text)
    fclose                                   0x00007615   Thumb Code     0  fclose.o(.text)
    exit                                     0x00007661   Thumb Code    18  exit.o(.text)
    __rt_SIGRTRED                            0x00007673   Thumb Code    14  defsig_rtred_outer.o(.text)
    __aeabi_memclr4                          0x00007681   Thumb Code     0  rt_memclr_w.o(.text)
    __aeabi_memclr8                          0x00007681   Thumb Code     0  rt_memclr_w.o(.text)
    __rt_memclr_w                            0x00007681   Thumb Code    78  rt_memclr_w.o(.text)
    _memset_w                                0x00007685   Thumb Code     0  rt_memclr_w.o(.text)
    __user_libspace                          0x000076d1   Thumb Code     8  libspace.o(.text)
    __user_perproc_libspace                  0x000076d1   Thumb Code     0  libspace.o(.text)
    __user_perthread_libspace                0x000076d1   Thumb Code     0  libspace.o(.text)
    __rt_heap_descriptor                     0x000076d9   Thumb Code     8  rt_heap_descriptor_intlibspace.o(.text)
    __semihosting_library_function           0x000076d9   Thumb Code     0  indicate_semi.o(.text)
    __use_no_heap                            0x000076e1   Thumb Code     2  hguard.o(.text)
    __heap$guard                             0x000076e3   Thumb Code     2  hguard.o(.text)
    _terminate_user_alloc                    0x000076e5   Thumb Code     2  init_alloc.o(.text)
    _init_user_alloc                         0x000076e7   Thumb Code     2  init_alloc.o(.text)
    __Heap_Full                              0x000076e9   Thumb Code    34  init_alloc.o(.text)
    __Heap_Broken                            0x0000770b   Thumb Code     6  init_alloc.o(.text)
    _init_alloc                              0x00007711   Thumb Code    94  init_alloc.o(.text)
    malloc                                   0x0000776f   Thumb Code    94  h1_alloc.o(.text)
    _fseek                                   0x000077cd   Thumb Code   242  fseek.o(.text)
    fseek                                    0x000077cd   Thumb Code     0  fseek.o(.text)
    _seterr                                  0x000078c5   Thumb Code    20  stdio.o(.text)
    _writebuf                                0x000078d9   Thumb Code    84  stdio.o(.text)
    _fflush                                  0x0000792d   Thumb Code    70  stdio.o(.text)
    _deferredlazyseek                        0x00007973   Thumb Code    60  stdio.o(.text)
    __sig_exit                               0x000079b5   Thumb Code    10  defsig_exit.o(.text)
    __rt_SIGRTRED_inner                      0x000079c1   Thumb Code    14  defsig_rtred_inner.o(.text)
    strlen                                   0x000079f5   Thumb Code    62  strlen.o(.text)
    _sys_exit                                0x00007a35   Thumb Code     8  sys_exit.o(.text)
    __Heap_Initialize                        0x00007a41   Thumb Code    10  h1_init.o(.text)
    __Heap_DescSize                          0x00007a4b   Thumb Code     4  h1_init.o(.text)
    __Heap_ProvideMemory                     0x00007a4f   Thumb Code    52  h1_extend.o(.text)
    _ftell_internal                          0x00007a83   Thumb Code    66  ftell.o(.text)
    ftell                                    0x00007a83   Thumb Code     0  ftell.o(.text)
    __default_signal_display                 0x00007ac5   Thumb Code    50  defsig_general.o(.text)
    __rt_SIGRTMEM                            0x00007af7   Thumb Code    14  defsig_rtmem_outer.o(.text)
    _ttywrch                                 0x00007b05   Thumb Code    14  sys_wrch.o(.text)
    __aeabi_errno_addr                       0x00007b15   Thumb Code     8  rt_errno_addr_intlibspace.o(.text)
    __errno$intlibspace                      0x00007b15   Thumb Code     0  rt_errno_addr_intlibspace.o(.text)
    __rt_errno_addr$intlibspace              0x00007b15   Thumb Code     0  rt_errno_addr_intlibspace.o(.text)
    __rt_SIGRTMEM_inner                      0x00007b1d   Thumb Code    22  defsig_rtmem_inner.o(.text)
    fputc                                    0x00007b6d   Thumb Code    26  fputc.o(i.fputc)
    __stdin_name                             0x00008176   Data           4  sys_io.o(.constdata)
    __stdout_name                            0x0000817a   Data           4  sys_io.o(.constdata)
    __stderr_name                            0x0000817e   Data           4  sys_io.o(.constdata)
    Region$$Table$$Base                      0x00008184   Number         0  anon$$obj.o(Region$$Table)
    Region$$Table$$Limit                     0x000081b4   Number         0  anon$$obj.o(Region$$Table)
    SystemFrequency                          0x2007c000   Data           4  system_lpc17xx.o(.data)
    timer                                    0x2007c004   Data           4  irq_timer.o(.data)
    t                                        0x2007c008   Data           3  irq_timer.o(.data)
    x1                                       0x2007c00c   Data           4  quoridor.o(.data)
    y1                                       0x2007c010   Data           4  quoridor.o(.data)
    x2                                       0x2007c014   Data           4  quoridor.o(.data)
    y2                                       0x2007c018   Data           4  quoridor.o(.data)
    turno                                    0x2007c01c   Data           4  quoridor.o(.data)
    n_muri1                                  0x2007c020   Data           4  quoridor.o(.data)
    n_muri2                                  0x2007c024   Data           4  quoridor.o(.data)
    vittoria1                                0x2007c028   Data           4  quoridor.o(.data)
    t1                                       0x2007c02c   Data           2  quoridor.o(.data)
    t2                                       0x2007c02e   Data           2  quoridor.o(.data)
    t3                                       0x2007c030   Data           1  quoridor.o(.data)
    mossat                                   0x2007c034   Data           4  quoridor.o(.data)
    mode                                     0x2007c038   Data           4  irq_rit.o(.data)
    verso                                    0x2007c03c   Data           4  irq_rit.o(.data)
    x_Mu                                     0x2007c040   Data           4  irq_rit.o(.data)
    y_Mu                                     0x2007c044   Data           4  irq_rit.o(.data)
    prec                                     0x2007c048   Data           4  irq_rit.o(.data)
    down_0                                   0x2007c04c   Data           4  irq_rit.o(.data)
    down_1                                   0x2007c050   Data           4  irq_rit.o(.data)
    down_2                                   0x2007c054   Data           4  irq_rit.o(.data)
    avvio                                    0x2007c058   Data           4  irq_rit.o(.data)
    __aeabi_stdin                            0x2007c074   Data           4  stdio_streams.o(.data)
    __aeabi_stdout                           0x2007c078   Data           4  stdio_streams.o(.data)
    __aeabi_stderr                           0x2007c07c   Data           4  stdio_streams.o(.data)
    mat                                      0x2007c080   Data         676  quoridor.o(.bss)
    matStampa                                0x2007c324   Data         169  quoridor.o(.bss)
    __stdin                                  0x2007c3d0   Data          84  stdio_streams.o(.bss)
    __stdout                                 0x2007c424   Data          84  stdio_streams.o(.bss)
    __stderr                                 0x2007c478   Data          84  stdio_streams.o(.bss)
    __libspace_start                         0x2007c4cc   Data          96  libspace.o(.bss)
    __temporary_stack_top$libspace           0x2007c52c   Data           0  libspace.o(.bss)



==============================================================================

Memory Map of the image

  Image Entry point : 0x000000cd

  Load Region LR_IROM1 (Base: 0x00000000, Size: 0x00008234, Max: 0x00080000, ABSOLUTE)

    Execution Region ER_IROM1 (Exec base: 0x00000000, Load base: 0x00000000, Size: 0x000081b4, Max: 0x00080000, ABSOLUTE)

    Exec Addr    Load Addr    Size         Type   Attr      Idx    E Section Name        Object

    0x00000000   0x00000000   0x000000cc   Data   RO            3    RESET               startup_lpc17xx.o
    0x000000cc   0x000000cc   0x00000008   Code   RO          492  * !!!main             c_w.l(__main.o)
    0x000000d4   0x000000d4   0x00000034   Code   RO          840    !!!scatter          c_w.l(__scatter.o)
    0x00000108   0x00000108   0x0000001a   Code   RO          842    !!handler_copy      c_w.l(__scatter_copy.o)
    0x00000122   0x00000122   0x00000002   PAD
    0x00000124   0x00000124   0x0000001c   Code   RO          844    !!handler_zi        c_w.l(__scatter_zi.o)
    0x00000140   0x00000140   0x00000002   Code   RO          629    .ARM.Collect$$libinit$$00000000  c_w.l(libinit.o)
    0x00000142   0x00000142   0x00000000   Code   RO          631    .ARM.Collect$$libinit$$00000002  c_w.l(libinit2.o)
    0x00000142   0x00000142   0x00000000   Code   RO          633    .ARM.Collect$$libinit$$00000004  c_w.l(libinit2.o)
    0x00000142   0x00000142   0x00000008   Code   RO          634    .ARM.Collect$$libinit$$00000005  c_w.l(libinit2.o)
    0x0000014a   0x0000014a   0x00000000   Code   RO          636    .ARM.Collect$$libinit$$0000000A  c_w.l(libinit2.o)
    0x0000014a   0x0000014a   0x00000000   Code   RO          638    .ARM.Collect$$libinit$$0000000C  c_w.l(libinit2.o)
    0x0000014a   0x0000014a   0x00000000   Code   RO          640    .ARM.Collect$$libinit$$0000000E  c_w.l(libinit2.o)
    0x0000014a   0x0000014a   0x00000000   Code   RO          643    .ARM.Collect$$libinit$$00000011  c_w.l(libinit2.o)
    0x0000014a   0x0000014a   0x00000000   Code   RO          645    .ARM.Collect$$libinit$$00000013  c_w.l(libinit2.o)
    0x0000014a   0x0000014a   0x00000000   Code   RO          647    .ARM.Collect$$libinit$$00000015  c_w.l(libinit2.o)
    0x0000014a   0x0000014a   0x00000000   Code   RO          649    .ARM.Collect$$libinit$$00000017  c_w.l(libinit2.o)
    0x0000014a   0x0000014a   0x00000000   Code   RO          651    .ARM.Collect$$libinit$$00000019  c_w.l(libinit2.o)
    0x0000014a   0x0000014a   0x00000000   Code   RO          653    .ARM.Collect$$libinit$$0000001B  c_w.l(libinit2.o)
    0x0000014a   0x0000014a   0x00000000   Code   RO          655    .ARM.Collect$$libinit$$0000001D  c_w.l(libinit2.o)
    0x0000014a   0x0000014a   0x00000000   Code   RO          657    .ARM.Collect$$libinit$$0000001F  c_w.l(libinit2.o)
    0x0000014a   0x0000014a   0x00000000   Code   RO          659    .ARM.Collect$$libinit$$00000021  c_w.l(libinit2.o)
    0x0000014a   0x0000014a   0x00000000   Code   RO          661    .ARM.Collect$$libinit$$00000023  c_w.l(libinit2.o)
    0x0000014a   0x0000014a   0x00000004   Code   RO          662    .ARM.Collect$$libinit$$00000024  c_w.l(libinit2.o)
    0x0000014e   0x0000014e   0x00000000   Code   RO          663    .ARM.Collect$$libinit$$00000025  c_w.l(libinit2.o)
    0x0000014e   0x0000014e   0x00000000   Code   RO          667    .ARM.Collect$$libinit$$0000002C  c_w.l(libinit2.o)
    0x0000014e   0x0000014e   0x00000000   Code   RO          669    .ARM.Collect$$libinit$$0000002E  c_w.l(libinit2.o)
    0x0000014e   0x0000014e   0x00000000   Code   RO          671    .ARM.Collect$$libinit$$00000030  c_w.l(libinit2.o)
    0x0000014e   0x0000014e   0x00000000   Code   RO          673    .ARM.Collect$$libinit$$00000032  c_w.l(libinit2.o)
    0x0000014e   0x0000014e   0x00000002   Code   RO          674    .ARM.Collect$$libinit$$00000033  c_w.l(libinit2.o)
    0x00000150   0x00000150   0x00000002   Code   RO          819    .ARM.Collect$$libshutdown$$00000000  c_w.l(libshutdown.o)
    0x00000152   0x00000152   0x00000000   Code   RO          676    .ARM.Collect$$libshutdown$$00000002  c_w.l(libshutdown2.o)
    0x00000152   0x00000152   0x00000000   Code   RO          678    .ARM.Collect$$libshutdown$$00000004  c_w.l(libshutdown2.o)
    0x00000152   0x00000152   0x00000004   Code   RO          679    .ARM.Collect$$libshutdown$$00000005  c_w.l(libshutdown2.o)
    0x00000156   0x00000156   0x00000000   Code   RO          680    .ARM.Collect$$libshutdown$$00000006  c_w.l(libshutdown2.o)
    0x00000156   0x00000156   0x00000000   Code   RO          683    .ARM.Collect$$libshutdown$$00000009  c_w.l(libshutdown2.o)
    0x00000156   0x00000156   0x00000000   Code   RO          686    .ARM.Collect$$libshutdown$$0000000C  c_w.l(libshutdown2.o)
    0x00000156   0x00000156   0x00000000   Code   RO          688    .ARM.Collect$$libshutdown$$0000000E  c_w.l(libshutdown2.o)
    0x00000156   0x00000156   0x00000000   Code   RO          691    .ARM.Collect$$libshutdown$$00000011  c_w.l(libshutdown2.o)
    0x00000156   0x00000156   0x00000002   Code   RO          692    .ARM.Collect$$libshutdown$$00000012  c_w.l(libshutdown2.o)
    0x00000158   0x00000158   0x00000000   Code   RO          494    .ARM.Collect$$rtentry$$00000000  c_w.l(__rtentry.o)
    0x00000158   0x00000158   0x00000000   Code   RO          506    .ARM.Collect$$rtentry$$00000002  c_w.l(__rtentry2.o)
    0x00000158   0x00000158   0x00000006   Code   RO          518    .ARM.Collect$$rtentry$$00000004  c_w.l(__rtentry4.o)
    0x0000015e   0x0000015e   0x00000000   Code   RO          508    .ARM.Collect$$rtentry$$00000009  c_w.l(__rtentry2.o)
    0x0000015e   0x0000015e   0x00000004   Code   RO          509    .ARM.Collect$$rtentry$$0000000A  c_w.l(__rtentry2.o)
    0x00000162   0x00000162   0x00000000   Code   RO          511    .ARM.Collect$$rtentry$$0000000C  c_w.l(__rtentry2.o)
    0x00000162   0x00000162   0x00000008   Code   RO          512    .ARM.Collect$$rtentry$$0000000D  c_w.l(__rtentry2.o)
    0x0000016a   0x0000016a   0x00000002   Code   RO          701    .ARM.Collect$$rtexit$$00000000  c_w.l(rtexit.o)
    0x0000016c   0x0000016c   0x00000000   Code   RO          757    .ARM.Collect$$rtexit$$00000002  c_w.l(rtexit2.o)
    0x0000016c   0x0000016c   0x00000004   Code   RO          758    .ARM.Collect$$rtexit$$00000003  c_w.l(rtexit2.o)
    0x00000170   0x00000170   0x00000006   Code   RO          759    .ARM.Collect$$rtexit$$00000004  c_w.l(rtexit2.o)
    0x00000176   0x00000176   0x00000002   PAD
    0x00000178   0x00000178   0x00000000   Code   RO          763    .emb_text           c_w.l(maybetermalloc1.o)
    0x00000178   0x00000178   0x00000038   Code   RO            5    .text               startup_lpc17xx.o
    0x000001b0   0x000001b0   0x00000060   Code   RO           16    .text               sample.o
    0x00000210   0x00000210   0x000000bc   Code   RO          121    .text               irq_timer.o
    0x000002cc   0x000002cc   0x00000020   Code   RO          197    .text               asciilib.o
    0x000002ec   0x000002ec   0x00000006   Code   RO          490    .text               c_w.l(heapauxi.o)
    0x000002f2   0x000002f2   0x00000008   Code   RO          522    .text               c_w.l(ferror.o)
    0x000002fa   0x000002fa   0x00000002   Code   RO          698    .text               c_w.l(use_no_semi.o)
    0x000002fc   0x000002fc   0x00000004   Code   RO            4    .ARM.__at_0x02FC    startup_lpc17xx.o
    0x00000300   0x00000300   0x0000022c   Code   RO           94    .text               system_lpc17xx.o
    0x0000052c   0x0000052c   0x000000a8   Code   RO          172    .text               lib_timer.o
    0x000005d4   0x000005d4   0x000047c4   Code   RO          217    .text               glcd.o
    0x00004d98   0x00004d98   0x00001a4c   Code   RO          263    .text               quoridor.o
    0x000067e4   0x000067e4   0x0000054c   Code   RO          360    .text               irq_rit.o
    0x00006d30   0x00006d30   0x00000094   Code   RO          400    .text               lib_rit.o
    0x00006dc4   0x00006dc4   0x000000b8   Code   RO          428    .text               irq_button.o
    0x00006e7c   0x00006e7c   0x000000d4   Code   RO          457    .text               lib_button.o
    0x00006f50   0x00006f50   0x00000018   Code   RO          486    .text               c_w.l(noretval__2printf.o)
    0x00006f68   0x00006f68   0x0000008a   Code   RO          488    .text               c_w.l(rt_memcpy_v6.o)
    0x00006ff2   0x00006ff2   0x00000002   PAD
    0x00006ff4   0x00006ff4   0x00000024   Code   RO          495    .text               c_w.l(_printf_char_file.o)
    0x00007018   0x00007018   0x00000064   Code   RO          503    .text               c_w.l(rt_memcpy_w.o)
    0x0000707c   0x0000707c   0x00000030   Code   RO          520    .text               c_w.l(_printf_char_common.o)
    0x000070ac   0x000070ac   0x00000138   Code   RO          528    .text               c_w.l(initio.o)
    0x000071e4   0x000071e4   0x00000066   Code   RO          536    .text               c_w.l(sys_io.o)
    0x0000724a   0x0000724a   0x0000004a   Code   RO          543    .text               c_w.l(sys_stackheap_outer.o)
    0x00007294   0x00007294   0x0000004e   Code   RO          547    .text               c_w.l(h1_free.o)
    0x000072e2   0x000072e2   0x00000028   Code   RO          601    .text               c_w.l(__printf_nopercent.o)
    0x0000730a   0x0000730a   0x000001d6   Code   RO          603    .text               c_w.l(flsbuf.o)
    0x000074e0   0x000074e0   0x00000046   Code   RO          605    .text               c_w.l(setvbuf.o)
    0x00007526   0x00007526   0x00000002   PAD
    0x00007528   0x00007528   0x000000ec   Code   RO          608    .text               c_w.l(fopen.o)
    0x00007614   0x00007614   0x0000004c   Code   RO          610    .text               c_w.l(fclose.o)
    0x00007660   0x00007660   0x00000012   Code   RO          616    .text               c_w.l(exit.o)
    0x00007672   0x00007672   0x0000000e   Code   RO          618    .text               c_w.l(defsig_rtred_outer.o)
    0x00007680   0x00007680   0x0000004e   Code   RO          622    .text               c_w.l(rt_memclr_w.o)
    0x000076ce   0x000076ce   0x00000002   PAD
    0x000076d0   0x000076d0   0x00000008   Code   RO          695    .text               c_w.l(libspace.o)
    0x000076d8   0x000076d8   0x00000000   Code   RO          700    .text               c_w.l(indicate_semi.o)
    0x000076d8   0x000076d8   0x00000008   Code   RO          708    .text               c_w.l(rt_heap_descriptor_intlibspace.o)
    0x000076e0   0x000076e0   0x00000004   Code   RO          710    .text               c_w.l(hguard.o)
    0x000076e4   0x000076e4   0x0000008a   Code   RO          712    .text               c_w.l(init_alloc.o)
    0x0000776e   0x0000776e   0x0000005e   Code   RO          718    .text               c_w.l(h1_alloc.o)
    0x000077cc   0x000077cc   0x000000f8   Code   RO          734    .text               c_w.l(fseek.o)
    0x000078c4   0x000078c4   0x000000f0   Code   RO          736    .text               c_w.l(stdio.o)
    0x000079b4   0x000079b4   0x0000000a   Code   RO          742    .text               c_w.l(defsig_exit.o)
    0x000079be   0x000079be   0x00000002   PAD
    0x000079c0   0x000079c0   0x00000034   Code   RO          744    .text               c_w.l(defsig_rtred_inner.o)
    0x000079f4   0x000079f4   0x0000003e   Code   RO          748    .text               c_w.l(strlen.o)
    0x00007a32   0x00007a32   0x00000002   PAD
    0x00007a34   0x00007a34   0x0000000c   Code   RO          754    .text               c_w.l(sys_exit.o)
    0x00007a40   0x00007a40   0x0000000e   Code   RO          765    .text               c_w.l(h1_init.o)
    0x00007a4e   0x00007a4e   0x00000034   Code   RO          767    .text               c_w.l(h1_extend.o)
    0x00007a82   0x00007a82   0x00000042   Code   RO          777    .text               c_w.l(ftell.o)
    0x00007ac4   0x00007ac4   0x00000032   Code   RO          785    .text               c_w.l(defsig_general.o)
    0x00007af6   0x00007af6   0x0000000e   Code   RO          787    .text               c_w.l(defsig_rtmem_outer.o)
    0x00007b04   0x00007b04   0x0000000e   Code   RO          800    .text               c_w.l(sys_wrch.o)
    0x00007b12   0x00007b12   0x00000002   PAD
    0x00007b14   0x00007b14   0x00000008   Code   RO          807    .text               c_w.l(rt_errno_addr_intlibspace.o)
    0x00007b1c   0x00007b1c   0x00000050   Code   RO          813    .text               c_w.l(defsig_rtmem_inner.o)
    0x00007b6c   0x00007b6c   0x0000001a   Code   RO          525    i.fputc             c_w.l(fputc.o)
    0x00007b86   0x00007b86   0x000005f0   Data   RO          198    .constdata          asciilib.o
    0x00008176   0x00008176   0x00000004   Data   RO          537    .constdata          c_w.l(sys_io.o)
    0x0000817a   0x0000817a   0x00000004   Data   RO          538    .constdata          c_w.l(sys_io.o)
    0x0000817e   0x0000817e   0x00000004   Data   RO          539    .constdata          c_w.l(sys_io.o)
    0x00008182   0x00008182   0x00000002   PAD
    0x00008184   0x00008184   0x00000030   Data   RO          838    Region$$Table       anon$$obj.o


    Execution Region RW_IRAM1 (Exec base: 0x10000000, Load base: 0x000081b4, Size: 0x00002000, Max: 0x00008000, ABSOLUTE)

    Exec Addr    Load Addr    Size         Type   Attr      Idx    E Section Name        Object

    0x10000000        -       0x00002000   Zero   RW            1    STACK               startup_lpc17xx.o


    Execution Region RW_IRAM2 (Exec base: 0x2007c000, Load base: 0x000081b4, Size: 0x00001530, Max: 0x00008000, ABSOLUTE)

    Exec Addr    Load Addr    Size         Type   Attr      Idx    E Section Name        Object

    0x2007c000   0x000081b4   0x00000004   Data   RW           95    .data               system_lpc17xx.o
    0x2007c004   0x000081b8   0x00000007   Data   RW          122    .data               irq_timer.o
    0x2007c00b   0x000081bf   0x00000001   Data   RW          218    .data               glcd.o
    0x2007c00c   0x000081c0   0x0000002c   Data   RW          265    .data               quoridor.o
    0x2007c038   0x000081ec   0x0000003c   Data   RW          361    .data               irq_rit.o
    0x2007c074   0x00008228   0x00000004   Data   RW          500    .data               c_w.l(stdio_streams.o)
    0x2007c078   0x0000822c   0x00000004   Data   RW          501    .data               c_w.l(stdio_streams.o)
    0x2007c07c   0x00008230   0x00000004   Data   RW          502    .data               c_w.l(stdio_streams.o)
    0x2007c080        -       0x0000034d   Zero   RW          264    .bss                quoridor.o
    0x2007c3cd   0x00008234   0x00000003   PAD
    0x2007c3d0        -       0x00000054   Zero   RW          497    .bss                c_w.l(stdio_streams.o)
    0x2007c424        -       0x00000054   Zero   RW          498    .bss                c_w.l(stdio_streams.o)
    0x2007c478        -       0x00000054   Zero   RW          499    .bss                c_w.l(stdio_streams.o)
    0x2007c4cc        -       0x00000060   Zero   RW          696    .bss                c_w.l(libspace.o)
    0x2007c52c   0x00008234   0x00000004   PAD
    0x2007c530        -       0x00001000   Zero   RW            2    HEAP                startup_lpc17xx.o


==============================================================================

Image component sizes


      Code (inc. data)   RO Data    RW Data    ZI Data      Debug   Object Name

        32          6       1520          0          0        971   asciilib.o
     18372        140          0          1          0      43929   glcd.o
       184         28          0          0          0        953   irq_button.o
      1356        118          0         60          0       1936   irq_rit.o
       188         24          0          7          0      18355   irq_timer.o
       212         22          0          0          0        906   lib_button.o
       148         14          0          0          0      27447   lib_rit.o
       168          4          0          0          0       1380   lib_timer.o
      6732        378          0         44        845       9763   quoridor.o
        96         14          0          0          0       4947   sample.o
        60         26        204          0      12288        972   startup_lpc17xx.o
       556         30          0          4          0        783   system_lpc17xx.o

    ----------------------------------------------------------------------
     28104        804       1772        116      13136     112342   Object Totals
         0          0         48          0          0          0   (incl. Generated)
         0          0          0          0          3          0   (incl. Padding)

    ----------------------------------------------------------------------

      Code (inc. data)   RO Data    RW Data    ZI Data      Debug   Library Member Name

         8          0          0          0          0         68   __main.o
        40          0          0          0          0         84   __printf_nopercent.o
         0          0          0          0          0          0   __rtentry.o
        12          0          0          0          0          0   __rtentry2.o
         6          0          0          0          0          0   __rtentry4.o
        52          8          0          0          0          0   __scatter.o
        26          0          0          0          0          0   __scatter_copy.o
        28          0          0          0          0          0   __scatter_zi.o
        48          6          0          0          0         96   _printf_char_common.o
        36          4          0          0          0         80   _printf_char_file.o
        10          0          0          0          0         68   defsig_exit.o
        50          0          0          0          0         88   defsig_general.o
        80         58          0          0          0         76   defsig_rtmem_inner.o
        14          0          0          0          0         80   defsig_rtmem_outer.o
        52         38          0          0          0         76   defsig_rtred_inner.o
        14          0          0          0          0         80   defsig_rtred_outer.o
        18          0          0          0          0         80   exit.o
        76          0          0          0          0         88   fclose.o
         8          0          0          0          0         68   ferror.o
       470          0          0          0          0         88   flsbuf.o
       236          4          0          0          0        128   fopen.o
        26          0          0          0          0         68   fputc.o
       248          6          0          0          0         84   fseek.o
        66          0          0          0          0         76   ftell.o
        94          0          0          0          0         80   h1_alloc.o
        52          0          0          0          0         68   h1_extend.o
        78          0          0          0          0         80   h1_free.o
        14          0          0          0          0         84   h1_init.o
         6          0          0          0          0        152   heapauxi.o
         4          0          0          0          0        136   hguard.o
         0          0          0          0          0          0   indicate_semi.o
       138          0          0          0          0        168   init_alloc.o
       312         46          0          0          0        112   initio.o
         2          0          0          0          0          0   libinit.o
        14          0          0          0          0          0   libinit2.o
         2          0          0          0          0          0   libshutdown.o
         6          0          0          0          0          0   libshutdown2.o
         8          4          0          0         96         68   libspace.o
         0          0          0          0          0          0   maybetermalloc1.o
        24          4          0          0          0         84   noretval__2printf.o
         8          4          0          0          0         68   rt_errno_addr_intlibspace.o
         8          4          0          0          0         68   rt_heap_descriptor_intlibspace.o
        78          0          0          0          0         80   rt_memclr_w.o
       138          0          0          0          0         68   rt_memcpy_v6.o
       100          0          0          0          0         80   rt_memcpy_w.o
         2          0          0          0          0          0   rtexit.o
        10          0          0          0          0          0   rtexit2.o
        70          0          0          0          0         80   setvbuf.o
       240          6          0          0          0        156   stdio.o
         0          0          0         12        252          0   stdio_streams.o
        62          0          0          0          0         76   strlen.o
        12          4          0          0          0         68   sys_exit.o
       102          0         12          0          0        240   sys_io.o
        74          0          0          0          0         80   sys_stackheap_outer.o
        14          0          0          0          0         76   sys_wrch.o
         2          0          0          0          0         68   use_no_semi.o

    ----------------------------------------------------------------------
      3314        196         14         12        352       3716   Library Totals
        16          0          2          0          4          0   (incl. Padding)

    ----------------------------------------------------------------------

      Code (inc. data)   RO Data    RW Data    ZI Data      Debug   Library Name

      3298        196         12         12        348       3716   c_w.l

    ----------------------------------------------------------------------
      3314        196         14         12        352       3716   Library Totals

    ----------------------------------------------------------------------

==============================================================================


      Code (inc. data)   RO Data    RW Data    ZI Data      Debug   

     31418       1000       1786        128      13488     113454   Grand Totals
     31418       1000       1786        128      13488     113454   ELF Image Totals
     31418       1000       1786        128          0          0   ROM Totals

==============================================================================

    Total RO  Size (Code + RO Data)                33204 (  32.43kB)
    Total RW  Size (RW Data + ZI Data)             13616 (  13.30kB)
    Total ROM Size (Code + RO Data + RW Data)      33332 (  32.55kB)

==============================================================================

